Archive member included because of file (symbol)

c:/abdelrhman/embedded/iti/imt_sdk_win_64/imt_sdk_win_64/winavr/bin/../lib/gcc/avr/4.3.3/avr5\libgcc.a(_udivmodhi4.o)
                              ./HAL/LCD/LCD_program.o (__udivmodhi4)
c:/abdelrhman/embedded/iti/imt_sdk_win_64/imt_sdk_win_64/winavr/bin/../lib/gcc/avr/4.3.3/avr5\libgcc.a(_exit.o)
                              c:/abdelrhman/embedded/iti/imt_sdk_win_64/imt_sdk_win_64/winavr/bin/../lib/gcc/avr/4.3.3/../../../../avr/lib/avr5/crtm32.o (exit)
c:/abdelrhman/embedded/iti/imt_sdk_win_64/imt_sdk_win_64/winavr/bin/../lib/gcc/avr/4.3.3/avr5\libgcc.a(_copy_data.o)
                              ./MCAL/ADC/ADC_program.o (__do_copy_data)
c:/abdelrhman/embedded/iti/imt_sdk_win_64/imt_sdk_win_64/winavr/bin/../lib/gcc/avr/4.3.3/avr5\libgcc.a(_clear_bss.o)
                              ./MCAL/UART/UART_Program.o (__do_clear_bss)
c:/abdelrhman/embedded/iti/imt_sdk_win_64/imt_sdk_win_64/winavr/bin/../lib/gcc/avr/4.3.3/avr5\libgcc.a(_fixunssfsi.o)
                              ./HAL/LCD/LCD_program.o (__fixunssfsi)
c:/abdelrhman/embedded/iti/imt_sdk_win_64/imt_sdk_win_64/winavr/bin/../lib/gcc/avr/4.3.3/avr5\libgcc.a(_addsub_sf.o)
                              c:/abdelrhman/embedded/iti/imt_sdk_win_64/imt_sdk_win_64/winavr/bin/../lib/gcc/avr/4.3.3/avr5\libgcc.a(_fixunssfsi.o) (__subsf3)
c:/abdelrhman/embedded/iti/imt_sdk_win_64/imt_sdk_win_64/winavr/bin/../lib/gcc/avr/4.3.3/avr5\libgcc.a(_mul_sf.o)
                              ./HAL/LCD/LCD_program.o (__mulsf3)
c:/abdelrhman/embedded/iti/imt_sdk_win_64/imt_sdk_win_64/winavr/bin/../lib/gcc/avr/4.3.3/avr5\libgcc.a(_gt_sf.o)
                              ./HAL/LCD/LCD_program.o (__gtsf2)
c:/abdelrhman/embedded/iti/imt_sdk_win_64/imt_sdk_win_64/winavr/bin/../lib/gcc/avr/4.3.3/avr5\libgcc.a(_ge_sf.o)
                              c:/abdelrhman/embedded/iti/imt_sdk_win_64/imt_sdk_win_64/winavr/bin/../lib/gcc/avr/4.3.3/avr5\libgcc.a(_fixunssfsi.o) (__gesf2)
c:/abdelrhman/embedded/iti/imt_sdk_win_64/imt_sdk_win_64/winavr/bin/../lib/gcc/avr/4.3.3/avr5\libgcc.a(_lt_sf.o)
                              ./HAL/LCD/LCD_program.o (__ltsf2)
c:/abdelrhman/embedded/iti/imt_sdk_win_64/imt_sdk_win_64/winavr/bin/../lib/gcc/avr/4.3.3/avr5\libgcc.a(_sf_to_si.o)
                              c:/abdelrhman/embedded/iti/imt_sdk_win_64/imt_sdk_win_64/winavr/bin/../lib/gcc/avr/4.3.3/avr5\libgcc.a(_fixunssfsi.o) (__fixsfsi)
c:/abdelrhman/embedded/iti/imt_sdk_win_64/imt_sdk_win_64/winavr/bin/../lib/gcc/avr/4.3.3/avr5\libgcc.a(_thenan_sf.o)
                              c:/abdelrhman/embedded/iti/imt_sdk_win_64/imt_sdk_win_64/winavr/bin/../lib/gcc/avr/4.3.3/avr5\libgcc.a(_addsub_sf.o) (__thenan_sf)
c:/abdelrhman/embedded/iti/imt_sdk_win_64/imt_sdk_win_64/winavr/bin/../lib/gcc/avr/4.3.3/avr5\libgcc.a(_prologue.o)
                              c:/abdelrhman/embedded/iti/imt_sdk_win_64/imt_sdk_win_64/winavr/bin/../lib/gcc/avr/4.3.3/avr5\libgcc.a(_addsub_sf.o) (__prologue_saves__)
c:/abdelrhman/embedded/iti/imt_sdk_win_64/imt_sdk_win_64/winavr/bin/../lib/gcc/avr/4.3.3/avr5\libgcc.a(_epilogue.o)
                              c:/abdelrhman/embedded/iti/imt_sdk_win_64/imt_sdk_win_64/winavr/bin/../lib/gcc/avr/4.3.3/avr5\libgcc.a(_addsub_sf.o) (__epilogue_restores__)
c:/abdelrhman/embedded/iti/imt_sdk_win_64/imt_sdk_win_64/winavr/bin/../lib/gcc/avr/4.3.3/avr5\libgcc.a(_pack_sf.o)
                              c:/abdelrhman/embedded/iti/imt_sdk_win_64/imt_sdk_win_64/winavr/bin/../lib/gcc/avr/4.3.3/avr5\libgcc.a(_addsub_sf.o) (__pack_f)
c:/abdelrhman/embedded/iti/imt_sdk_win_64/imt_sdk_win_64/winavr/bin/../lib/gcc/avr/4.3.3/avr5\libgcc.a(_unpack_sf.o)
                              c:/abdelrhman/embedded/iti/imt_sdk_win_64/imt_sdk_win_64/winavr/bin/../lib/gcc/avr/4.3.3/avr5\libgcc.a(_addsub_sf.o) (__unpack_f)
c:/abdelrhman/embedded/iti/imt_sdk_win_64/imt_sdk_win_64/winavr/bin/../lib/gcc/avr/4.3.3/avr5\libgcc.a(_fpcmp_parts_sf.o)
                              c:/abdelrhman/embedded/iti/imt_sdk_win_64/imt_sdk_win_64/winavr/bin/../lib/gcc/avr/4.3.3/avr5\libgcc.a(_gt_sf.o) (__fpcmp_parts_f)

Memory Configuration

Name             Origin             Length             Attributes
text             0x00000000         0x00020000         xr
data             0x00800060         0x0000ffa0         rw !x
eeprom           0x00810000         0x00010000         rw !x
fuse             0x00820000         0x00000400         rw !x
lock             0x00830000         0x00000400         rw !x
signature        0x00840000         0x00000400         rw !x
*default*        0x00000000         0xffffffff

Linker script and memory map

LOAD c:/abdelrhman/embedded/iti/imt_sdk_win_64/imt_sdk_win_64/winavr/bin/../lib/gcc/avr/4.3.3/../../../../avr/lib/avr5/crtm32.o
LOAD ./MCAL/WDT/WDT_program.o
LOAD ./MCAL/UART/UART_Program.o
LOAD ./MCAL/TWI/TWI_program.o
LOAD ./MCAL/TIMER/TIMER_program.o
LOAD ./MCAL/SPI/SPI_program.o
LOAD ./MCAL/GIE/GIE_program.o
LOAD ./MCAL/EXTI/EXTI_Program.o
LOAD ./MCAL/DIO/DIO_program.o
LOAD ./MCAL/ADC/ADC_program.o
LOAD ./HAL/LCD/LCD_program.o
LOAD ./HAL/KEYPAD/KEYPAD_Program.o
LOAD ./HAL/EEPROM/EEPROM_program.o
LOAD ./HAL/DC_MOTOR/Program.o
LOAD ./APP/AppInit.o
LOAD ./APP/main.o
LOAD c:/abdelrhman/embedded/iti/imt_sdk_win_64/imt_sdk_win_64/winavr/bin/../lib/gcc/avr/4.3.3/avr5\libgcc.a
LOAD c:/abdelrhman/embedded/iti/imt_sdk_win_64/imt_sdk_win_64/winavr/bin/../lib/gcc/avr/4.3.3/../../../../avr/lib/avr5\libc.a
LOAD c:/abdelrhman/embedded/iti/imt_sdk_win_64/imt_sdk_win_64/winavr/bin/../lib/gcc/avr/4.3.3/avr5\libgcc.a

.hash
 *(.hash)

.dynsym
 *(.dynsym)

.dynstr
 *(.dynstr)

.gnu.version
 *(.gnu.version)

.gnu.version_d
 *(.gnu.version_d)

.gnu.version_r
 *(.gnu.version_r)

.rel.init
 *(.rel.init)

.rela.init
 *(.rela.init)

.rel.text
 *(.rel.text)
 *(.rel.text.*)
 *(.rel.gnu.linkonce.t*)

.rela.text
 *(.rela.text)
 *(.rela.text.*)
 *(.rela.gnu.linkonce.t*)

.rel.fini
 *(.rel.fini)

.rela.fini
 *(.rela.fini)

.rel.rodata
 *(.rel.rodata)
 *(.rel.rodata.*)
 *(.rel.gnu.linkonce.r*)

.rela.rodata
 *(.rela.rodata)
 *(.rela.rodata.*)
 *(.rela.gnu.linkonce.r*)

.rel.data
 *(.rel.data)
 *(.rel.data.*)
 *(.rel.gnu.linkonce.d*)

.rela.data
 *(.rela.data)
 *(.rela.data.*)
 *(.rela.gnu.linkonce.d*)

.rel.ctors
 *(.rel.ctors)

.rela.ctors
 *(.rela.ctors)

.rel.dtors
 *(.rel.dtors)

.rela.dtors
 *(.rela.dtors)

.rel.got
 *(.rel.got)

.rela.got
 *(.rela.got)

.rel.bss
 *(.rel.bss)

.rela.bss
 *(.rela.bss)

.rel.plt
 *(.rel.plt)

.rela.plt
 *(.rela.plt)

.text           0x00000000     0x3300
 *(.vectors)
 .vectors       0x00000000       0x54 c:/abdelrhman/embedded/iti/imt_sdk_win_64/imt_sdk_win_64/winavr/bin/../lib/gcc/avr/4.3.3/../../../../avr/lib/avr5/crtm32.o
                0x00000000                __vectors
                0x00000000                __vector_default
 *(.vectors)
 *(.progmem.gcc*)
 *(.progmem*)
                0x00000054                . = ALIGN (0x2)
                0x00000054                __trampolines_start = .
 *(.trampolines)
 .trampolines   0x00000054        0x0 linker stubs
 *(.trampolines*)
                0x00000054                __trampolines_end = .
 *(.jumptables)
 *(.jumptables*)
 *(.lowtext)
 *(.lowtext*)
                0x00000054                __ctors_start = .
 *(.ctors)
                0x00000054                __ctors_end = .
                0x00000054                __dtors_start = .
 *(.dtors)
                0x00000054                __dtors_end = .
 SORT(*)(.ctors)
 SORT(*)(.dtors)
 *(.init0)
 .init0         0x00000054        0x0 c:/abdelrhman/embedded/iti/imt_sdk_win_64/imt_sdk_win_64/winavr/bin/../lib/gcc/avr/4.3.3/../../../../avr/lib/avr5/crtm32.o
                0x00000054                __init
 *(.init0)
 *(.init1)
 *(.init1)
 *(.init2)
 .init2         0x00000054        0xc c:/abdelrhman/embedded/iti/imt_sdk_win_64/imt_sdk_win_64/winavr/bin/../lib/gcc/avr/4.3.3/../../../../avr/lib/avr5/crtm32.o
 *(.init2)
 *(.init3)
 *(.init3)
 *(.init4)
 .init4         0x00000060       0x16 c:/abdelrhman/embedded/iti/imt_sdk_win_64/imt_sdk_win_64/winavr/bin/../lib/gcc/avr/4.3.3/avr5\libgcc.a(_copy_data.o)
                0x00000060                __do_copy_data
 .init4         0x00000076       0x10 c:/abdelrhman/embedded/iti/imt_sdk_win_64/imt_sdk_win_64/winavr/bin/../lib/gcc/avr/4.3.3/avr5\libgcc.a(_clear_bss.o)
                0x00000076                __do_clear_bss
 *(.init4)
 *(.init5)
 *(.init5)
 *(.init6)
 *(.init6)
 *(.init7)
 *(.init7)
 *(.init8)
 *(.init8)
 *(.init9)
 .init9         0x00000086        0x8 c:/abdelrhman/embedded/iti/imt_sdk_win_64/imt_sdk_win_64/winavr/bin/../lib/gcc/avr/4.3.3/../../../../avr/lib/avr5/crtm32.o
 *(.init9)
 *(.text)
 .text          0x0000008e        0x4 c:/abdelrhman/embedded/iti/imt_sdk_win_64/imt_sdk_win_64/winavr/bin/../lib/gcc/avr/4.3.3/../../../../avr/lib/avr5/crtm32.o
                0x0000008e                __vector_12
                0x0000008e                __bad_interrupt
                0x0000008e                __vector_11
                0x0000008e                __vector_13
                0x0000008e                __vector_17
                0x0000008e                __vector_19
                0x0000008e                __vector_7
                0x0000008e                __vector_5
                0x0000008e                __vector_4
                0x0000008e                __vector_9
                0x0000008e                __vector_8
                0x0000008e                __vector_14
                0x0000008e                __vector_18
                0x0000008e                __vector_20
 .text          0x00000092        0x0 ./MCAL/WDT/WDT_program.o
 .text          0x00000092        0x0 ./MCAL/UART/UART_Program.o
 .text          0x00000092        0x0 ./MCAL/TWI/TWI_program.o
 .text          0x00000092        0x0 ./MCAL/TIMER/TIMER_program.o
 .text          0x00000092        0x0 ./MCAL/SPI/SPI_program.o
 .text          0x00000092        0x0 ./MCAL/GIE/GIE_program.o
 .text          0x00000092        0x0 ./MCAL/EXTI/EXTI_Program.o
 .text          0x00000092        0x0 ./MCAL/DIO/DIO_program.o
 .text          0x00000092        0x0 ./MCAL/ADC/ADC_program.o
 .text          0x00000092        0x0 ./HAL/LCD/LCD_program.o
 .text          0x00000092        0x0 ./HAL/KEYPAD/KEYPAD_Program.o
 .text          0x00000092        0x0 ./HAL/EEPROM/EEPROM_program.o
 .text          0x00000092        0x0 ./HAL/DC_MOTOR/Program.o
 .text          0x00000092        0x0 ./APP/AppInit.o
 .text          0x00000092        0x0 ./APP/main.o
 .text          0x00000092        0x0 c:/abdelrhman/embedded/iti/imt_sdk_win_64/imt_sdk_win_64/winavr/bin/../lib/gcc/avr/4.3.3/avr5\libgcc.a(_udivmodhi4.o)
 .text          0x00000092        0x0 c:/abdelrhman/embedded/iti/imt_sdk_win_64/imt_sdk_win_64/winavr/bin/../lib/gcc/avr/4.3.3/avr5\libgcc.a(_exit.o)
 .text          0x00000092        0x0 c:/abdelrhman/embedded/iti/imt_sdk_win_64/imt_sdk_win_64/winavr/bin/../lib/gcc/avr/4.3.3/avr5\libgcc.a(_copy_data.o)
 .text          0x00000092        0x0 c:/abdelrhman/embedded/iti/imt_sdk_win_64/imt_sdk_win_64/winavr/bin/../lib/gcc/avr/4.3.3/avr5\libgcc.a(_clear_bss.o)
 .text          0x00000092       0x58 c:/abdelrhman/embedded/iti/imt_sdk_win_64/imt_sdk_win_64/winavr/bin/../lib/gcc/avr/4.3.3/avr5\libgcc.a(_fixunssfsi.o)
                0x00000092                __fixunssfsi
 .text          0x000000ea      0x354 c:/abdelrhman/embedded/iti/imt_sdk_win_64/imt_sdk_win_64/winavr/bin/../lib/gcc/avr/4.3.3/avr5\libgcc.a(_addsub_sf.o)
                0x00000382                __subsf3
                0x000003e4                __addsf3
 .text          0x0000043e      0x1f4 c:/abdelrhman/embedded/iti/imt_sdk_win_64/imt_sdk_win_64/winavr/bin/../lib/gcc/avr/4.3.3/avr5\libgcc.a(_mul_sf.o)
                0x0000043e                __mulsf3
 .text          0x00000632       0x60 c:/abdelrhman/embedded/iti/imt_sdk_win_64/imt_sdk_win_64/winavr/bin/../lib/gcc/avr/4.3.3/avr5\libgcc.a(_gt_sf.o)
                0x00000632                __gtsf2
 .text          0x00000692       0x60 c:/abdelrhman/embedded/iti/imt_sdk_win_64/imt_sdk_win_64/winavr/bin/../lib/gcc/avr/4.3.3/avr5\libgcc.a(_ge_sf.o)
                0x00000692                __gesf2
 .text          0x000006f2       0x60 c:/abdelrhman/embedded/iti/imt_sdk_win_64/imt_sdk_win_64/winavr/bin/../lib/gcc/avr/4.3.3/avr5\libgcc.a(_lt_sf.o)
                0x000006f2                __ltsf2
 .text          0x00000752       0xa8 c:/abdelrhman/embedded/iti/imt_sdk_win_64/imt_sdk_win_64/winavr/bin/../lib/gcc/avr/4.3.3/avr5\libgcc.a(_sf_to_si.o)
                0x00000752                __fixsfsi
 .text          0x000007fa        0x0 c:/abdelrhman/embedded/iti/imt_sdk_win_64/imt_sdk_win_64/winavr/bin/../lib/gcc/avr/4.3.3/avr5\libgcc.a(_thenan_sf.o)
 .text          0x000007fa        0x0 c:/abdelrhman/embedded/iti/imt_sdk_win_64/imt_sdk_win_64/winavr/bin/../lib/gcc/avr/4.3.3/avr5\libgcc.a(_prologue.o)
 .text          0x000007fa        0x0 c:/abdelrhman/embedded/iti/imt_sdk_win_64/imt_sdk_win_64/winavr/bin/../lib/gcc/avr/4.3.3/avr5\libgcc.a(_epilogue.o)
 .text          0x000007fa      0x1aa c:/abdelrhman/embedded/iti/imt_sdk_win_64/imt_sdk_win_64/winavr/bin/../lib/gcc/avr/4.3.3/avr5\libgcc.a(_pack_sf.o)
                0x000007fa                __pack_f
 .text          0x000009a4       0xf0 c:/abdelrhman/embedded/iti/imt_sdk_win_64/imt_sdk_win_64/winavr/bin/../lib/gcc/avr/4.3.3/avr5\libgcc.a(_unpack_sf.o)
                0x000009a4                __unpack_f
 .text          0x00000a94       0xb2 c:/abdelrhman/embedded/iti/imt_sdk_win_64/imt_sdk_win_64/winavr/bin/../lib/gcc/avr/4.3.3/avr5\libgcc.a(_fpcmp_parts_sf.o)
                0x00000a94                __fpcmp_parts_f
                0x00000b46                . = ALIGN (0x2)
 *(.text.*)
 .text.WDT_voidEnable
                0x00000b46       0x1c ./MCAL/WDT/WDT_program.o
                0x00000b46                WDT_voidEnable
 .text.WDT_voidDisable
                0x00000b62       0x1c ./MCAL/WDT/WDT_program.o
                0x00000b62                WDT_voidDisable
 .text.WDT_voidSleep
                0x00000b7e       0x38 ./MCAL/WDT/WDT_program.o
                0x00000b7e                WDT_voidSleep
 .text.M_UART_voidInit
                0x00000bb6       0x94 ./MCAL/UART/UART_Program.o
                0x00000bb6                M_UART_voidInit
 .text.M_UART_voidSendData
                0x00000c4a       0x34 ./MCAL/UART/UART_Program.o
                0x00000c4a                M_UART_voidSendData
 .text.M_UART_voidRecieveData
                0x00000c7e       0x1e ./MCAL/UART/UART_Program.o
                0x00000c7e                M_UART_voidRecieveData
 .text.M_UART_voidSendString
                0x00000c9c       0x52 ./MCAL/UART/UART_Program.o
                0x00000c9c                M_UART_voidSendString
 .text.SetCallback
                0x00000cee       0x2c ./MCAL/UART/UART_Program.o
                0x00000cee                SetCallback
 .text.__vector_15
                0x00000d1a       0x66 ./MCAL/UART/UART_Program.o
                0x00000d1a                __vector_15
 .text.TWI_voidInitMaster
                0x00000d80       0x64 ./MCAL/TWI/TWI_program.o
                0x00000d80                TWI_voidInitMaster
 .text.TWI_voidInitSlave
                0x00000de4       0x3a ./MCAL/TWI/TWI_program.o
                0x00000de4                TWI_voidInitSlave
 .text.TWI_ErrorStatusSendStartConditionWithACK
                0x00000e1e       0x54 ./MCAL/TWI/TWI_program.o
                0x00000e1e                TWI_ErrorStatusSendStartConditionWithACK
 .text.TWI_ErrorStatusSendRepeatedStartConditionWithACK
                0x00000e72       0x46 ./MCAL/TWI/TWI_program.o
                0x00000e72                TWI_ErrorStatusSendRepeatedStartConditionWithACK
 .text.TWI_ErrorStatusSendSlaveAddressWithWriteACK
                0x00000eb8       0x6e ./MCAL/TWI/TWI_program.o
                0x00000eb8                TWI_ErrorStatusSendSlaveAddressWithWriteACK
 .text.TWI_ErrorStatusSendSlaveAddressWithReadACK
                0x00000f26       0x6a ./MCAL/TWI/TWI_program.o
                0x00000f26                TWI_ErrorStatusSendSlaveAddressWithReadACK
 .text.TWI_ErrorStatusMasterWriteDataByteWithACK
                0x00000f90       0x52 ./MCAL/TWI/TWI_program.o
                0x00000f90                TWI_ErrorStatusMasterWriteDataByteWithACK
 .text.TWI_ErrorStatusMasterReadDataByteWithACK
                0x00000fe2       0x5e ./MCAL/TWI/TWI_program.o
                0x00000fe2                TWI_ErrorStatusMasterReadDataByteWithACK
 .text.TWI_ErrorStatusMasterReadDataByteWithNACK
                0x00001040       0x6c ./MCAL/TWI/TWI_program.o
                0x00001040                TWI_ErrorStatusMasterReadDataByteWithNACK
 .text.TWI_voidSendStopCondition
                0x000010ac       0x2a ./MCAL/TWI/TWI_program.o
                0x000010ac                TWI_voidSendStopCondition
 .text.TIMER_voidTimer0Init
                0x000010d6       0x70 ./MCAL/TIMER/TIMER_program.o
                0x000010d6                TIMER_voidTimer0Init
 .text.TIMER_voidTimer1Init
                0x00001146       0xa0 ./MCAL/TIMER/TIMER_program.o
                0x00001146                TIMER_voidTimer1Init
 .text.TIMER_voidTimer1ASetCompareValue
                0x000011e6       0x24 ./MCAL/TIMER/TIMER_program.o
                0x000011e6                TIMER_voidTimer1ASetCompareValue
 .text.TIMER_voidTimer1BSetCompareValue
                0x0000120a       0x24 ./MCAL/TIMER/TIMER_program.o
                0x0000120a                TIMER_voidTimer1BSetCompareValue
 .text.TIMER_voidTimer1SetInputCaptureValue
                0x0000122e       0x24 ./MCAL/TIMER/TIMER_program.o
                0x0000122e                TIMER_voidTimer1SetInputCaptureValue
 .text.TIMER_voidTimer0SetCompareValue
                0x00001252       0x1c ./MCAL/TIMER/TIMER_program.o
                0x00001252                TIMER_voidTimer0SetCompareValue
 .text.TIMER_voidTimer0SetCallBack
                0x0000126e       0x24 ./MCAL/TIMER/TIMER_program.o
                0x0000126e                TIMER_voidTimer0SetCallBack
 .text.ICU_voidInit
                0x00001292       0x2a ./MCAL/TIMER/TIMER_program.o
                0x00001292                ICU_voidInit
 .text.ICU_voidSetTrigger
                0x000012bc       0x56 ./MCAL/TIMER/TIMER_program.o
                0x000012bc                ICU_voidSetTrigger
 .text.ICU_u16ReadInputCapture
                0x00001312       0x16 ./MCAL/TIMER/TIMER_program.o
                0x00001312                ICU_u16ReadInputCapture
 .text.ICU_voidInterruptDisbale
                0x00001328       0x1c ./MCAL/TIMER/TIMER_program.o
                0x00001328                ICU_voidInterruptDisbale
 .text.ICU_voidSetCallBack
                0x00001344       0x24 ./MCAL/TIMER/TIMER_program.o
                0x00001344                ICU_voidSetCallBack
 .text.__vector_10
                0x00001368       0x66 ./MCAL/TIMER/TIMER_program.o
                0x00001368                __vector_10
 .text.__vector_6
                0x000013ce       0x66 ./MCAL/TIMER/TIMER_program.o
                0x000013ce                __vector_6
 .text.SPI_voidMasterInit
                0x00001434       0x7e ./MCAL/SPI/SPI_program.o
                0x00001434                SPI_voidMasterInit
 .text.SPI_voidSlaveInit
                0x000014b2       0x54 ./MCAL/SPI/SPI_program.o
                0x000014b2                SPI_voidSlaveInit
 .text.SPI_u8Tranceive
                0x00001506       0x3a ./MCAL/SPI/SPI_program.o
                0x00001506                SPI_u8Tranceive
 .text.GIE_voidEnableGlobalInterrupt
                0x00001540       0x1c ./MCAL/GIE/GIE_program.o
                0x00001540                GIE_voidEnableGlobalInterrupt
 .text.GIE_voidDisableGlobalInterrupt
                0x0000155c       0x1c ./MCAL/GIE/GIE_program.o
                0x0000155c                GIE_voidDisableGlobalInterrupt
 .text.EXTI_VoidInit
                0x00001578       0x2a ./MCAL/EXTI/EXTI_Program.o
                0x00001578                EXTI_VoidInit
 .text.EXTI_VoidEnable
                0x000015a2      0x228 ./MCAL/EXTI/EXTI_Program.o
                0x000015a2                EXTI_VoidEnable
 .text.EXTI_VoidDisable
                0x000017ca       0x6e ./MCAL/EXTI/EXTI_Program.o
                0x000017ca                EXTI_VoidDisable
 .text.EXTI_SetCallBack_INT0
                0x00001838       0x24 ./MCAL/EXTI/EXTI_Program.o
                0x00001838                EXTI_SetCallBack_INT0
 .text.EXTI_SetCallBack_INT1
                0x0000185c       0x24 ./MCAL/EXTI/EXTI_Program.o
                0x0000185c                EXTI_SetCallBack_INT1
 .text.EXTI_SetCallBack_INT2
                0x00001880       0x24 ./MCAL/EXTI/EXTI_Program.o
                0x00001880                EXTI_SetCallBack_INT2
 .text.__vector_1
                0x000018a4       0x66 ./MCAL/EXTI/EXTI_Program.o
                0x000018a4                __vector_1
 .text.__vector_2
                0x0000190a       0x6e ./MCAL/EXTI/EXTI_Program.o
                0x0000190a                __vector_2
 .text.__vector_3
                0x00001978       0x6e ./MCAL/EXTI/EXTI_Program.o
                0x00001978                __vector_3
 .text.DIO_voidSetPinDirection
                0x000019e6      0x1c6 ./MCAL/DIO/DIO_program.o
                0x000019e6                DIO_voidSetPinDirection
 .text.DIO_voidSetPinValue
                0x00001bac      0x1c6 ./MCAL/DIO/DIO_program.o
                0x00001bac                DIO_voidSetPinValue
 .text.DIO_voidSetPortDirection
                0x00001d72       0xd2 ./MCAL/DIO/DIO_program.o
                0x00001d72                DIO_voidSetPortDirection
 .text.DIO_voidSetPortValue
                0x00001e44       0x82 ./MCAL/DIO/DIO_program.o
                0x00001e44                DIO_voidSetPortValue
 .text.DIO_u8GetPinValue
                0x00001ec6       0xf2 ./MCAL/DIO/DIO_program.o
                0x00001ec6                DIO_u8GetPinValue
 .text.ADC_voidInit
                0x00001fb8       0x62 ./MCAL/ADC/ADC_program.o
                0x00001fb8                ADC_voidInit
 .text.ADC_u16GetAnalogReadSYNC
                0x0000201a       0x6c ./MCAL/ADC/ADC_program.o
                0x0000201a                ADC_u16GetAnalogReadSYNC
 .text.ADC_u16GetAnalogReadASYNC
                0x00002086       0xaa ./MCAL/ADC/ADC_program.o
                0x00002086                ADC_u16GetAnalogReadASYNC
 .text.__vector_16
                0x00002130       0x88 ./MCAL/ADC/ADC_program.o
                0x00002130                __vector_16
 .text.LCD_voidSendCommand
                0x000021b8      0x13c ./HAL/LCD/LCD_program.o
                0x000021b8                LCD_voidSendCommand
 .text.LCD_voidSendData
                0x000022f4      0x13c ./HAL/LCD/LCD_program.o
                0x000022f4                LCD_voidSendData
 .text.LCD_voidInit
                0x00002430      0x142 ./HAL/LCD/LCD_program.o
                0x00002430                LCD_voidInit
 .text.LCD_voidGoToXY
                0x00002572       0x42 ./HAL/LCD/LCD_program.o
                0x00002572                LCD_voidGoToXY
 .text.LCD_voidSendString
                0x000025b4       0x52 ./HAL/LCD/LCD_program.o
                0x000025b4                LCD_voidSendString
 .text.LCD_voidSendCustomCharacter
                0x00002606       0x84 ./HAL/LCD/LCD_program.o
                0x00002606                LCD_voidSendCustomCharacter
 .text.LCD_voidSendNumber
                0x0000268a       0xc6 ./HAL/LCD/LCD_program.o
                0x0000268a                LCD_voidSendNumber
 .text.LCD_voidClearDisplay
                0x00002750       0x14 ./HAL/LCD/LCD_program.o
                0x00002750                LCD_voidClearDisplay
 .text.KPD_voidInit
                0x00002764       0xae ./HAL/KEYPAD/KEYPAD_Program.o
                0x00002764                KPD_voidInit
 .text.KPD_u8GetPressedKey
                0x00002812      0x100 ./HAL/KEYPAD/KEYPAD_Program.o
                0x00002812                KPD_u8GetPressedKey
 .text.EEPROM_voidSendDataByte
                0x00002912      0x136 ./HAL/EEPROM/EEPROM_program.o
                0x00002912                EEPROM_voidSendDataByte
 .text.EEPROM_u8ReadDataByte
                0x00002a48      0x142 ./HAL/EEPROM/EEPROM_program.o
                0x00002a48                EEPROM_u8ReadDataByte
 .text.EEPROM_voidSendWord
                0x00002b8a       0x4a ./HAL/EEPROM/EEPROM_program.o
                0x00002b8a                EEPROM_voidSendWord
 .text.EEPROM_u16ReadWord
                0x00002bd4       0x56 ./HAL/EEPROM/EEPROM_program.o
                0x00002bd4                EEPROM_u16ReadWord
 .text.DC_MOTOR_VoidInit
                0x00002c2a       0x22 ./HAL/DC_MOTOR/Program.o
                0x00002c2a                DC_MOTOR_VoidInit
 .text.DC_MOTOR_VoidDirection
                0x00002c4c       0x62 ./HAL/DC_MOTOR/Program.o
                0x00002c4c                DC_MOTOR_VoidDirection
 .text.DC_MOTOR_VoidStop
                0x00002cae       0x22 ./HAL/DC_MOTOR/Program.o
                0x00002cae                DC_MOTOR_VoidStop
 .text.App_voidInit
                0x00002cd0       0x82 ./APP/main.o
                0x00002cd0                App_voidInit
 .text.main     0x00002d52      0x514 ./APP/main.o
                0x00002d52                main
 .text.libgcc   0x00003266       0x28 c:/abdelrhman/embedded/iti/imt_sdk_win_64/imt_sdk_win_64/winavr/bin/../lib/gcc/avr/4.3.3/avr5\libgcc.a(_udivmodhi4.o)
                0x00003266                __udivmodhi4
 .text.libgcc   0x0000328e        0x0 c:/abdelrhman/embedded/iti/imt_sdk_win_64/imt_sdk_win_64/winavr/bin/../lib/gcc/avr/4.3.3/avr5\libgcc.a(_exit.o)
 .text.libgcc   0x0000328e        0x0 c:/abdelrhman/embedded/iti/imt_sdk_win_64/imt_sdk_win_64/winavr/bin/../lib/gcc/avr/4.3.3/avr5\libgcc.a(_copy_data.o)
 .text.libgcc   0x0000328e        0x0 c:/abdelrhman/embedded/iti/imt_sdk_win_64/imt_sdk_win_64/winavr/bin/../lib/gcc/avr/4.3.3/avr5\libgcc.a(_clear_bss.o)
 .text.libgcc   0x0000328e       0x38 c:/abdelrhman/embedded/iti/imt_sdk_win_64/imt_sdk_win_64/winavr/bin/../lib/gcc/avr/4.3.3/avr5\libgcc.a(_prologue.o)
                0x0000328e                __prologue_saves__
 .text.libgcc   0x000032c6       0x36 c:/abdelrhman/embedded/iti/imt_sdk_win_64/imt_sdk_win_64/winavr/bin/../lib/gcc/avr/4.3.3/avr5\libgcc.a(_epilogue.o)
                0x000032c6                __epilogue_restores__
                0x000032fc                . = ALIGN (0x2)
 *(.fini9)
 .fini9         0x000032fc        0x0 c:/abdelrhman/embedded/iti/imt_sdk_win_64/imt_sdk_win_64/winavr/bin/../lib/gcc/avr/4.3.3/avr5\libgcc.a(_exit.o)
                0x000032fc                exit
                0x000032fc                _exit
 *(.fini9)
 *(.fini8)
 *(.fini8)
 *(.fini7)
 *(.fini7)
 *(.fini6)
 *(.fini6)
 *(.fini5)
 *(.fini5)
 *(.fini4)
 *(.fini4)
 *(.fini3)
 *(.fini3)
 *(.fini2)
 *(.fini2)
 *(.fini1)
 *(.fini1)
 *(.fini0)
 .fini0         0x000032fc        0x4 c:/abdelrhman/embedded/iti/imt_sdk_win_64/imt_sdk_win_64/winavr/bin/../lib/gcc/avr/4.3.3/avr5\libgcc.a(_exit.o)
 *(.fini0)
                0x00003300                _etext = .

.data           0x00800060       0x22 load address 0x00003300
                0x00800060                PROVIDE (__data_start, .)
 *(.data)
 .data          0x00800060        0x0 c:/abdelrhman/embedded/iti/imt_sdk_win_64/imt_sdk_win_64/winavr/bin/../lib/gcc/avr/4.3.3/../../../../avr/lib/avr5/crtm32.o
 .data          0x00800060        0x0 ./MCAL/WDT/WDT_program.o
 .data          0x00800060        0x0 ./MCAL/UART/UART_Program.o
 .data          0x00800060        0x0 ./MCAL/TWI/TWI_program.o
 .data          0x00800060        0x0 ./MCAL/TIMER/TIMER_program.o
 .data          0x00800060        0x0 ./MCAL/SPI/SPI_program.o
 .data          0x00800060        0x0 ./MCAL/GIE/GIE_program.o
 .data          0x00800060        0x0 ./MCAL/EXTI/EXTI_Program.o
 .data          0x00800060        0x0 ./MCAL/DIO/DIO_program.o
 .data          0x00800060        0x0 ./MCAL/ADC/ADC_program.o
 .data          0x00800060        0x0 ./HAL/LCD/LCD_program.o
 .data          0x00800060        0x0 ./HAL/KEYPAD/KEYPAD_Program.o
 .data          0x00800060        0x0 ./HAL/EEPROM/EEPROM_program.o
 .data          0x00800060        0x0 ./HAL/DC_MOTOR/Program.o
 .data          0x00800060        0x0 ./APP/AppInit.o
 .data          0x00800060        0x0 ./APP/main.o
 .data          0x00800060        0x0 c:/abdelrhman/embedded/iti/imt_sdk_win_64/imt_sdk_win_64/winavr/bin/../lib/gcc/avr/4.3.3/avr5\libgcc.a(_udivmodhi4.o)
 .data          0x00800060        0x0 c:/abdelrhman/embedded/iti/imt_sdk_win_64/imt_sdk_win_64/winavr/bin/../lib/gcc/avr/4.3.3/avr5\libgcc.a(_exit.o)
 .data          0x00800060        0x0 c:/abdelrhman/embedded/iti/imt_sdk_win_64/imt_sdk_win_64/winavr/bin/../lib/gcc/avr/4.3.3/avr5\libgcc.a(_copy_data.o)
 .data          0x00800060        0x0 c:/abdelrhman/embedded/iti/imt_sdk_win_64/imt_sdk_win_64/winavr/bin/../lib/gcc/avr/4.3.3/avr5\libgcc.a(_clear_bss.o)
 .data          0x00800060        0x0 c:/abdelrhman/embedded/iti/imt_sdk_win_64/imt_sdk_win_64/winavr/bin/../lib/gcc/avr/4.3.3/avr5\libgcc.a(_fixunssfsi.o)
 .data          0x00800060        0x0 c:/abdelrhman/embedded/iti/imt_sdk_win_64/imt_sdk_win_64/winavr/bin/../lib/gcc/avr/4.3.3/avr5\libgcc.a(_addsub_sf.o)
 .data          0x00800060        0x0 c:/abdelrhman/embedded/iti/imt_sdk_win_64/imt_sdk_win_64/winavr/bin/../lib/gcc/avr/4.3.3/avr5\libgcc.a(_mul_sf.o)
 .data          0x00800060        0x0 c:/abdelrhman/embedded/iti/imt_sdk_win_64/imt_sdk_win_64/winavr/bin/../lib/gcc/avr/4.3.3/avr5\libgcc.a(_gt_sf.o)
 .data          0x00800060        0x0 c:/abdelrhman/embedded/iti/imt_sdk_win_64/imt_sdk_win_64/winavr/bin/../lib/gcc/avr/4.3.3/avr5\libgcc.a(_ge_sf.o)
 .data          0x00800060        0x0 c:/abdelrhman/embedded/iti/imt_sdk_win_64/imt_sdk_win_64/winavr/bin/../lib/gcc/avr/4.3.3/avr5\libgcc.a(_lt_sf.o)
 .data          0x00800060        0x0 c:/abdelrhman/embedded/iti/imt_sdk_win_64/imt_sdk_win_64/winavr/bin/../lib/gcc/avr/4.3.3/avr5\libgcc.a(_sf_to_si.o)
 .data          0x00800060        0x8 c:/abdelrhman/embedded/iti/imt_sdk_win_64/imt_sdk_win_64/winavr/bin/../lib/gcc/avr/4.3.3/avr5\libgcc.a(_thenan_sf.o)
                0x00800060                __thenan_sf
 .data          0x00800068        0x0 c:/abdelrhman/embedded/iti/imt_sdk_win_64/imt_sdk_win_64/winavr/bin/../lib/gcc/avr/4.3.3/avr5\libgcc.a(_prologue.o)
 .data          0x00800068        0x0 c:/abdelrhman/embedded/iti/imt_sdk_win_64/imt_sdk_win_64/winavr/bin/../lib/gcc/avr/4.3.3/avr5\libgcc.a(_epilogue.o)
 .data          0x00800068        0x0 c:/abdelrhman/embedded/iti/imt_sdk_win_64/imt_sdk_win_64/winavr/bin/../lib/gcc/avr/4.3.3/avr5\libgcc.a(_pack_sf.o)
 .data          0x00800068        0x0 c:/abdelrhman/embedded/iti/imt_sdk_win_64/imt_sdk_win_64/winavr/bin/../lib/gcc/avr/4.3.3/avr5\libgcc.a(_unpack_sf.o)
 .data          0x00800068        0x0 c:/abdelrhman/embedded/iti/imt_sdk_win_64/imt_sdk_win_64/winavr/bin/../lib/gcc/avr/4.3.3/avr5\libgcc.a(_fpcmp_parts_sf.o)
 *(.data*)
 .data.ADC_STATE
                0x00800068        0x2 ./MCAL/ADC/ADC_program.o
                0x00800068                ADC_STATE
 .data.Local_Au8Cols_Num
                0x0080006a        0x4 ./HAL/KEYPAD/KEYPAD_Program.o
                0x0080006a                Local_Au8Cols_Num
 .data.Local_Au8Rows_Num
                0x0080006e        0x4 ./HAL/KEYPAD/KEYPAD_Program.o
                0x0080006e                Local_Au8Rows_Num
 .data.Local_Au8KeysArr
                0x00800072       0x10 ./HAL/KEYPAD/KEYPAD_Program.o
                0x00800072                Local_Au8KeysArr
 *(.rodata)
 *(.rodata*)
 *(.gnu.linkonce.d*)
                0x00800082                . = ALIGN (0x2)
                0x00800082                _edata = .
                0x00800082                PROVIDE (__data_end, .)

.bss            0x00800082       0x11
                0x00800082                PROVIDE (__bss_start, .)
 *(.bss)
 .bss           0x00800082        0x0 c:/abdelrhman/embedded/iti/imt_sdk_win_64/imt_sdk_win_64/winavr/bin/../lib/gcc/avr/4.3.3/../../../../avr/lib/avr5/crtm32.o
 .bss           0x00800082        0x0 ./MCAL/WDT/WDT_program.o
 .bss           0x00800082        0x0 ./MCAL/UART/UART_Program.o
 .bss           0x00800082        0x0 ./MCAL/TWI/TWI_program.o
 .bss           0x00800082        0x0 ./MCAL/TIMER/TIMER_program.o
 .bss           0x00800082        0x0 ./MCAL/SPI/SPI_program.o
 .bss           0x00800082        0x0 ./MCAL/GIE/GIE_program.o
 .bss           0x00800082        0x0 ./MCAL/EXTI/EXTI_Program.o
 .bss           0x00800082        0x0 ./MCAL/DIO/DIO_program.o
 .bss           0x00800082        0x0 ./MCAL/ADC/ADC_program.o
 .bss           0x00800082        0x0 ./HAL/LCD/LCD_program.o
 .bss           0x00800082        0x0 ./HAL/KEYPAD/KEYPAD_Program.o
 .bss           0x00800082        0x0 ./HAL/EEPROM/EEPROM_program.o
 .bss           0x00800082        0x0 ./HAL/DC_MOTOR/Program.o
 .bss           0x00800082        0x0 ./APP/AppInit.o
 .bss           0x00800082        0x0 ./APP/main.o
 .bss           0x00800082        0x0 c:/abdelrhman/embedded/iti/imt_sdk_win_64/imt_sdk_win_64/winavr/bin/../lib/gcc/avr/4.3.3/avr5\libgcc.a(_udivmodhi4.o)
 .bss           0x00800082        0x0 c:/abdelrhman/embedded/iti/imt_sdk_win_64/imt_sdk_win_64/winavr/bin/../lib/gcc/avr/4.3.3/avr5\libgcc.a(_exit.o)
 .bss           0x00800082        0x0 c:/abdelrhman/embedded/iti/imt_sdk_win_64/imt_sdk_win_64/winavr/bin/../lib/gcc/avr/4.3.3/avr5\libgcc.a(_copy_data.o)
 .bss           0x00800082        0x0 c:/abdelrhman/embedded/iti/imt_sdk_win_64/imt_sdk_win_64/winavr/bin/../lib/gcc/avr/4.3.3/avr5\libgcc.a(_clear_bss.o)
 .bss           0x00800082        0x0 c:/abdelrhman/embedded/iti/imt_sdk_win_64/imt_sdk_win_64/winavr/bin/../lib/gcc/avr/4.3.3/avr5\libgcc.a(_fixunssfsi.o)
 .bss           0x00800082        0x0 c:/abdelrhman/embedded/iti/imt_sdk_win_64/imt_sdk_win_64/winavr/bin/../lib/gcc/avr/4.3.3/avr5\libgcc.a(_addsub_sf.o)
 .bss           0x00800082        0x0 c:/abdelrhman/embedded/iti/imt_sdk_win_64/imt_sdk_win_64/winavr/bin/../lib/gcc/avr/4.3.3/avr5\libgcc.a(_mul_sf.o)
 .bss           0x00800082        0x0 c:/abdelrhman/embedded/iti/imt_sdk_win_64/imt_sdk_win_64/winavr/bin/../lib/gcc/avr/4.3.3/avr5\libgcc.a(_gt_sf.o)
 .bss           0x00800082        0x0 c:/abdelrhman/embedded/iti/imt_sdk_win_64/imt_sdk_win_64/winavr/bin/../lib/gcc/avr/4.3.3/avr5\libgcc.a(_ge_sf.o)
 .bss           0x00800082        0x0 c:/abdelrhman/embedded/iti/imt_sdk_win_64/imt_sdk_win_64/winavr/bin/../lib/gcc/avr/4.3.3/avr5\libgcc.a(_lt_sf.o)
 .bss           0x00800082        0x0 c:/abdelrhman/embedded/iti/imt_sdk_win_64/imt_sdk_win_64/winavr/bin/../lib/gcc/avr/4.3.3/avr5\libgcc.a(_sf_to_si.o)
 .bss           0x00800082        0x0 c:/abdelrhman/embedded/iti/imt_sdk_win_64/imt_sdk_win_64/winavr/bin/../lib/gcc/avr/4.3.3/avr5\libgcc.a(_thenan_sf.o)
 .bss           0x00800082        0x0 c:/abdelrhman/embedded/iti/imt_sdk_win_64/imt_sdk_win_64/winavr/bin/../lib/gcc/avr/4.3.3/avr5\libgcc.a(_prologue.o)
 .bss           0x00800082        0x0 c:/abdelrhman/embedded/iti/imt_sdk_win_64/imt_sdk_win_64/winavr/bin/../lib/gcc/avr/4.3.3/avr5\libgcc.a(_epilogue.o)
 .bss           0x00800082        0x0 c:/abdelrhman/embedded/iti/imt_sdk_win_64/imt_sdk_win_64/winavr/bin/../lib/gcc/avr/4.3.3/avr5\libgcc.a(_pack_sf.o)
 .bss           0x00800082        0x0 c:/abdelrhman/embedded/iti/imt_sdk_win_64/imt_sdk_win_64/winavr/bin/../lib/gcc/avr/4.3.3/avr5\libgcc.a(_unpack_sf.o)
 .bss           0x00800082        0x0 c:/abdelrhman/embedded/iti/imt_sdk_win_64/imt_sdk_win_64/winavr/bin/../lib/gcc/avr/4.3.3/avr5\libgcc.a(_fpcmp_parts_sf.o)
 *(.bss*)
 .bss.ptr       0x00800082        0x2 ./MCAL/UART/UART_Program.o
                0x00800082                ptr
 .bss.TIMER_pvTimer0NotificationFunction
                0x00800084        0x2 ./MCAL/TIMER/TIMER_program.o
                0x00800084                TIMER_pvTimer0NotificationFunction
 .bss.TIMER_pvICUNotificationFunction
                0x00800086        0x2 ./MCAL/TIMER/TIMER_program.o
                0x00800086                TIMER_pvICUNotificationFunction
 .bss.GPF_1     0x00800088        0x2 ./MCAL/EXTI/EXTI_Program.o
                0x00800088                GPF_1
 .bss.GPF_2     0x0080008a        0x2 ./MCAL/EXTI/EXTI_Program.o
                0x0080008a                GPF_2
 .bss.GPF_3     0x0080008c        0x2 ./MCAL/EXTI/EXTI_Program.o
                0x0080008c                GPF_3
 .bss.GPu16Copy
                0x0080008e        0x2 ./MCAL/ADC/ADC_program.o
 .bss.GPF       0x00800090        0x2 ./MCAL/ADC/ADC_program.o
 .bss.local_stats.1396
                0x00800092        0x1 ./APP/main.o
 *(COMMON)
                0x00800093                PROVIDE (__bss_end, .)
                0x00003300                __data_load_start = LOADADDR (.data)
                0x00003322                __data_load_end = (__data_load_start + SIZEOF (.data))

.noinit         0x00800093        0x0
                0x00800093                PROVIDE (__noinit_start, .)
 *(.noinit*)
                0x00800093                PROVIDE (__noinit_end, .)
                0x00800093                _end = .
                0x00800093                PROVIDE (__heap_start, .)

.eeprom         0x00810000        0x0
 *(.eeprom*)
                0x00810000                __eeprom_end = .

.fuse
 *(.fuse)
 *(.lfuse)
 *(.hfuse)
 *(.efuse)

.lock
 *(.lock*)

.signature
 *(.signature*)

.stab           0x00000000     0x41e8
 *(.stab)
 .stab          0x00000000      0x21c ./MCAL/WDT/WDT_program.o
 .stab          0x0000021c      0x3e4 ./MCAL/UART/UART_Program.o
                                0x3f0 (size before relaxing)
 .stab          0x00000600      0x744 ./MCAL/TWI/TWI_program.o
                                0x750 (size before relaxing)
 .stab          0x00000d44      0x558 ./MCAL/TIMER/TIMER_program.o
                                0x564 (size before relaxing)
 .stab          0x0000129c      0x294 ./MCAL/SPI/SPI_program.o
                                0x2a0 (size before relaxing)
 .stab          0x00001530      0x1b0 ./MCAL/GIE/GIE_program.o
                                0x1bc (size before relaxing)
 .stab          0x000016e0      0x4f8 ./MCAL/EXTI/EXTI_Program.o
                                0x504 (size before relaxing)
 .stab          0x00001bd8      0x540 ./MCAL/DIO/DIO_program.o
                                0x54c (size before relaxing)
 .stab          0x00002118      0x558 ./MCAL/ADC/ADC_program.o
                                0x564 (size before relaxing)
 .stab          0x00002670      0x834 ./HAL/LCD/LCD_program.o
                                0x9cc (size before relaxing)
 .stab          0x00002ea4      0x3d8 ./HAL/KEYPAD/KEYPAD_Program.o
                                0x570 (size before relaxing)
 .stab          0x0000327c      0x570 ./HAL/EEPROM/EEPROM_program.o
                                0x708 (size before relaxing)
 .stab          0x000037ec      0x264 ./HAL/DC_MOTOR/Program.o
                                0x408 (size before relaxing)
 .stab          0x00003a50       0xd8 ./APP/AppInit.o
                                 0xe4 (size before relaxing)
 .stab          0x00003b28      0x6c0 ./APP/main.o
                                0x858 (size before relaxing)

.stabstr        0x00000000     0x1d87
 *(.stabstr)
 .stabstr       0x00000000     0x1d87 ./MCAL/WDT/WDT_program.o

.stab.excl
 *(.stab.excl)

.stab.exclstr
 *(.stab.exclstr)

.stab.index
 *(.stab.index)

.stab.indexstr
 *(.stab.indexstr)

.comment
 *(.comment)

.debug
 *(.debug)

.line
 *(.line)

.debug_srcinfo
 *(.debug_srcinfo)

.debug_sfnames
 *(.debug_sfnames)

.debug_aranges  0x00000000      0x140
 *(.debug_aranges)
 .debug_aranges
                0x00000000       0x20 c:/abdelrhman/embedded/iti/imt_sdk_win_64/imt_sdk_win_64/winavr/bin/../lib/gcc/avr/4.3.3/avr5\libgcc.a(_fixunssfsi.o)
 .debug_aranges
                0x00000020       0x20 c:/abdelrhman/embedded/iti/imt_sdk_win_64/imt_sdk_win_64/winavr/bin/../lib/gcc/avr/4.3.3/avr5\libgcc.a(_addsub_sf.o)
 .debug_aranges
                0x00000040       0x20 c:/abdelrhman/embedded/iti/imt_sdk_win_64/imt_sdk_win_64/winavr/bin/../lib/gcc/avr/4.3.3/avr5\libgcc.a(_mul_sf.o)
 .debug_aranges
                0x00000060       0x20 c:/abdelrhman/embedded/iti/imt_sdk_win_64/imt_sdk_win_64/winavr/bin/../lib/gcc/avr/4.3.3/avr5\libgcc.a(_gt_sf.o)
 .debug_aranges
                0x00000080       0x20 c:/abdelrhman/embedded/iti/imt_sdk_win_64/imt_sdk_win_64/winavr/bin/../lib/gcc/avr/4.3.3/avr5\libgcc.a(_ge_sf.o)
 .debug_aranges
                0x000000a0       0x20 c:/abdelrhman/embedded/iti/imt_sdk_win_64/imt_sdk_win_64/winavr/bin/../lib/gcc/avr/4.3.3/avr5\libgcc.a(_lt_sf.o)
 .debug_aranges
                0x000000c0       0x20 c:/abdelrhman/embedded/iti/imt_sdk_win_64/imt_sdk_win_64/winavr/bin/../lib/gcc/avr/4.3.3/avr5\libgcc.a(_sf_to_si.o)
 .debug_aranges
                0x000000e0       0x20 c:/abdelrhman/embedded/iti/imt_sdk_win_64/imt_sdk_win_64/winavr/bin/../lib/gcc/avr/4.3.3/avr5\libgcc.a(_pack_sf.o)
 .debug_aranges
                0x00000100       0x20 c:/abdelrhman/embedded/iti/imt_sdk_win_64/imt_sdk_win_64/winavr/bin/../lib/gcc/avr/4.3.3/avr5\libgcc.a(_unpack_sf.o)
 .debug_aranges
                0x00000120       0x20 c:/abdelrhman/embedded/iti/imt_sdk_win_64/imt_sdk_win_64/winavr/bin/../lib/gcc/avr/4.3.3/avr5\libgcc.a(_fpcmp_parts_sf.o)

.debug_pubnames
                0x00000000      0x170
 *(.debug_pubnames)
 .debug_pubnames
                0x00000000       0x23 c:/abdelrhman/embedded/iti/imt_sdk_win_64/imt_sdk_win_64/winavr/bin/../lib/gcc/avr/4.3.3/avr5\libgcc.a(_fixunssfsi.o)
 .debug_pubnames
                0x00000023       0x2c c:/abdelrhman/embedded/iti/imt_sdk_win_64/imt_sdk_win_64/winavr/bin/../lib/gcc/avr/4.3.3/avr5\libgcc.a(_addsub_sf.o)
 .debug_pubnames
                0x0000004f       0x1f c:/abdelrhman/embedded/iti/imt_sdk_win_64/imt_sdk_win_64/winavr/bin/../lib/gcc/avr/4.3.3/avr5\libgcc.a(_mul_sf.o)
 .debug_pubnames
                0x0000006e       0x1e c:/abdelrhman/embedded/iti/imt_sdk_win_64/imt_sdk_win_64/winavr/bin/../lib/gcc/avr/4.3.3/avr5\libgcc.a(_gt_sf.o)
 .debug_pubnames
                0x0000008c       0x1e c:/abdelrhman/embedded/iti/imt_sdk_win_64/imt_sdk_win_64/winavr/bin/../lib/gcc/avr/4.3.3/avr5\libgcc.a(_ge_sf.o)
 .debug_pubnames
                0x000000aa       0x1e c:/abdelrhman/embedded/iti/imt_sdk_win_64/imt_sdk_win_64/winavr/bin/../lib/gcc/avr/4.3.3/avr5\libgcc.a(_lt_sf.o)
 .debug_pubnames
                0x000000c8       0x20 c:/abdelrhman/embedded/iti/imt_sdk_win_64/imt_sdk_win_64/winavr/bin/../lib/gcc/avr/4.3.3/avr5\libgcc.a(_sf_to_si.o)
 .debug_pubnames
                0x000000e8       0x22 c:/abdelrhman/embedded/iti/imt_sdk_win_64/imt_sdk_win_64/winavr/bin/../lib/gcc/avr/4.3.3/avr5\libgcc.a(_thenan_sf.o)
 .debug_pubnames
                0x0000010a       0x1f c:/abdelrhman/embedded/iti/imt_sdk_win_64/imt_sdk_win_64/winavr/bin/../lib/gcc/avr/4.3.3/avr5\libgcc.a(_pack_sf.o)
 .debug_pubnames
                0x00000129       0x21 c:/abdelrhman/embedded/iti/imt_sdk_win_64/imt_sdk_win_64/winavr/bin/../lib/gcc/avr/4.3.3/avr5\libgcc.a(_unpack_sf.o)
 .debug_pubnames
                0x0000014a       0x26 c:/abdelrhman/embedded/iti/imt_sdk_win_64/imt_sdk_win_64/winavr/bin/../lib/gcc/avr/4.3.3/avr5\libgcc.a(_fpcmp_parts_sf.o)

.debug_info     0x00000000     0x1c49
 *(.debug_info)
 .debug_info    0x00000000       0xb1 c:/abdelrhman/embedded/iti/imt_sdk_win_64/imt_sdk_win_64/winavr/bin/../lib/gcc/avr/4.3.3/avr5\libgcc.a(_fixunssfsi.o)
 .debug_info    0x000000b1      0x47a c:/abdelrhman/embedded/iti/imt_sdk_win_64/imt_sdk_win_64/winavr/bin/../lib/gcc/avr/4.3.3/avr5\libgcc.a(_addsub_sf.o)
 .debug_info    0x0000052b      0x485 c:/abdelrhman/embedded/iti/imt_sdk_win_64/imt_sdk_win_64/winavr/bin/../lib/gcc/avr/4.3.3/avr5\libgcc.a(_mul_sf.o)
 .debug_info    0x000009b0      0x27f c:/abdelrhman/embedded/iti/imt_sdk_win_64/imt_sdk_win_64/winavr/bin/../lib/gcc/avr/4.3.3/avr5\libgcc.a(_gt_sf.o)
 .debug_info    0x00000c2f      0x27f c:/abdelrhman/embedded/iti/imt_sdk_win_64/imt_sdk_win_64/winavr/bin/../lib/gcc/avr/4.3.3/avr5\libgcc.a(_ge_sf.o)
 .debug_info    0x00000eae      0x27f c:/abdelrhman/embedded/iti/imt_sdk_win_64/imt_sdk_win_64/winavr/bin/../lib/gcc/avr/4.3.3/avr5\libgcc.a(_lt_sf.o)
 .debug_info    0x0000112d      0x2b0 c:/abdelrhman/embedded/iti/imt_sdk_win_64/imt_sdk_win_64/winavr/bin/../lib/gcc/avr/4.3.3/avr5\libgcc.a(_sf_to_si.o)
 .debug_info    0x000013dd      0x12c c:/abdelrhman/embedded/iti/imt_sdk_win_64/imt_sdk_win_64/winavr/bin/../lib/gcc/avr/4.3.3/avr5\libgcc.a(_thenan_sf.o)
 .debug_info    0x00001509      0x2df c:/abdelrhman/embedded/iti/imt_sdk_win_64/imt_sdk_win_64/winavr/bin/../lib/gcc/avr/4.3.3/avr5\libgcc.a(_pack_sf.o)
 .debug_info    0x000017e8      0x251 c:/abdelrhman/embedded/iti/imt_sdk_win_64/imt_sdk_win_64/winavr/bin/../lib/gcc/avr/4.3.3/avr5\libgcc.a(_unpack_sf.o)
 .debug_info    0x00001a39      0x210 c:/abdelrhman/embedded/iti/imt_sdk_win_64/imt_sdk_win_64/winavr/bin/../lib/gcc/avr/4.3.3/avr5\libgcc.a(_fpcmp_parts_sf.o)
 *(.gnu.linkonce.wi.*)

.debug_abbrev   0x00000000      0xeeb
 *(.debug_abbrev)
 .debug_abbrev  0x00000000       0x5d c:/abdelrhman/embedded/iti/imt_sdk_win_64/imt_sdk_win_64/winavr/bin/../lib/gcc/avr/4.3.3/avr5\libgcc.a(_fixunssfsi.o)
 .debug_abbrev  0x0000005d      0x1ea c:/abdelrhman/embedded/iti/imt_sdk_win_64/imt_sdk_win_64/winavr/bin/../lib/gcc/avr/4.3.3/avr5\libgcc.a(_addsub_sf.o)
 .debug_abbrev  0x00000247      0x21b c:/abdelrhman/embedded/iti/imt_sdk_win_64/imt_sdk_win_64/winavr/bin/../lib/gcc/avr/4.3.3/avr5\libgcc.a(_mul_sf.o)
 .debug_abbrev  0x00000462      0x15a c:/abdelrhman/embedded/iti/imt_sdk_win_64/imt_sdk_win_64/winavr/bin/../lib/gcc/avr/4.3.3/avr5\libgcc.a(_gt_sf.o)
 .debug_abbrev  0x000005bc      0x15a c:/abdelrhman/embedded/iti/imt_sdk_win_64/imt_sdk_win_64/winavr/bin/../lib/gcc/avr/4.3.3/avr5\libgcc.a(_ge_sf.o)
 .debug_abbrev  0x00000716      0x15a c:/abdelrhman/embedded/iti/imt_sdk_win_64/imt_sdk_win_64/winavr/bin/../lib/gcc/avr/4.3.3/avr5\libgcc.a(_lt_sf.o)
 .debug_abbrev  0x00000870      0x17f c:/abdelrhman/embedded/iti/imt_sdk_win_64/imt_sdk_win_64/winavr/bin/../lib/gcc/avr/4.3.3/avr5\libgcc.a(_sf_to_si.o)
 .debug_abbrev  0x000009ef       0xad c:/abdelrhman/embedded/iti/imt_sdk_win_64/imt_sdk_win_64/winavr/bin/../lib/gcc/avr/4.3.3/avr5\libgcc.a(_thenan_sf.o)
 .debug_abbrev  0x00000a9c      0x1c0 c:/abdelrhman/embedded/iti/imt_sdk_win_64/imt_sdk_win_64/winavr/bin/../lib/gcc/avr/4.3.3/avr5\libgcc.a(_pack_sf.o)
 .debug_abbrev  0x00000c5c      0x154 c:/abdelrhman/embedded/iti/imt_sdk_win_64/imt_sdk_win_64/winavr/bin/../lib/gcc/avr/4.3.3/avr5\libgcc.a(_unpack_sf.o)
 .debug_abbrev  0x00000db0      0x13b c:/abdelrhman/embedded/iti/imt_sdk_win_64/imt_sdk_win_64/winavr/bin/../lib/gcc/avr/4.3.3/avr5\libgcc.a(_fpcmp_parts_sf.o)

.debug_line     0x00000000      0xdad
 *(.debug_line)
 .debug_line    0x00000000       0xa7 c:/abdelrhman/embedded/iti/imt_sdk_win_64/imt_sdk_win_64/winavr/bin/../lib/gcc/avr/4.3.3/avr5\libgcc.a(_fixunssfsi.o)
 .debug_line    0x000000a7      0x2af c:/abdelrhman/embedded/iti/imt_sdk_win_64/imt_sdk_win_64/winavr/bin/../lib/gcc/avr/4.3.3/avr5\libgcc.a(_addsub_sf.o)
 .debug_line    0x00000356      0x239 c:/abdelrhman/embedded/iti/imt_sdk_win_64/imt_sdk_win_64/winavr/bin/../lib/gcc/avr/4.3.3/avr5\libgcc.a(_mul_sf.o)
 .debug_line    0x0000058f       0xd3 c:/abdelrhman/embedded/iti/imt_sdk_win_64/imt_sdk_win_64/winavr/bin/../lib/gcc/avr/4.3.3/avr5\libgcc.a(_gt_sf.o)
 .debug_line    0x00000662       0xd3 c:/abdelrhman/embedded/iti/imt_sdk_win_64/imt_sdk_win_64/winavr/bin/../lib/gcc/avr/4.3.3/avr5\libgcc.a(_ge_sf.o)
 .debug_line    0x00000735       0xd3 c:/abdelrhman/embedded/iti/imt_sdk_win_64/imt_sdk_win_64/winavr/bin/../lib/gcc/avr/4.3.3/avr5\libgcc.a(_lt_sf.o)
 .debug_line    0x00000808      0x109 c:/abdelrhman/embedded/iti/imt_sdk_win_64/imt_sdk_win_64/winavr/bin/../lib/gcc/avr/4.3.3/avr5\libgcc.a(_sf_to_si.o)
 .debug_line    0x00000911       0x90 c:/abdelrhman/embedded/iti/imt_sdk_win_64/imt_sdk_win_64/winavr/bin/../lib/gcc/avr/4.3.3/avr5\libgcc.a(_thenan_sf.o)
 .debug_line    0x000009a1      0x18a c:/abdelrhman/embedded/iti/imt_sdk_win_64/imt_sdk_win_64/winavr/bin/../lib/gcc/avr/4.3.3/avr5\libgcc.a(_pack_sf.o)
 .debug_line    0x00000b2b      0x14b c:/abdelrhman/embedded/iti/imt_sdk_win_64/imt_sdk_win_64/winavr/bin/../lib/gcc/avr/4.3.3/avr5\libgcc.a(_unpack_sf.o)
 .debug_line    0x00000c76      0x137 c:/abdelrhman/embedded/iti/imt_sdk_win_64/imt_sdk_win_64/winavr/bin/../lib/gcc/avr/4.3.3/avr5\libgcc.a(_fpcmp_parts_sf.o)

.debug_frame    0x00000000      0x160
 *(.debug_frame)
 .debug_frame   0x00000000       0x20 c:/abdelrhman/embedded/iti/imt_sdk_win_64/imt_sdk_win_64/winavr/bin/../lib/gcc/avr/4.3.3/avr5\libgcc.a(_fixunssfsi.o)
 .debug_frame   0x00000020       0x40 c:/abdelrhman/embedded/iti/imt_sdk_win_64/imt_sdk_win_64/winavr/bin/../lib/gcc/avr/4.3.3/avr5\libgcc.a(_addsub_sf.o)
 .debug_frame   0x00000060       0x20 c:/abdelrhman/embedded/iti/imt_sdk_win_64/imt_sdk_win_64/winavr/bin/../lib/gcc/avr/4.3.3/avr5\libgcc.a(_mul_sf.o)
 .debug_frame   0x00000080       0x20 c:/abdelrhman/embedded/iti/imt_sdk_win_64/imt_sdk_win_64/winavr/bin/../lib/gcc/avr/4.3.3/avr5\libgcc.a(_gt_sf.o)
 .debug_frame   0x000000a0       0x20 c:/abdelrhman/embedded/iti/imt_sdk_win_64/imt_sdk_win_64/winavr/bin/../lib/gcc/avr/4.3.3/avr5\libgcc.a(_ge_sf.o)
 .debug_frame   0x000000c0       0x20 c:/abdelrhman/embedded/iti/imt_sdk_win_64/imt_sdk_win_64/winavr/bin/../lib/gcc/avr/4.3.3/avr5\libgcc.a(_lt_sf.o)
 .debug_frame   0x000000e0       0x20 c:/abdelrhman/embedded/iti/imt_sdk_win_64/imt_sdk_win_64/winavr/bin/../lib/gcc/avr/4.3.3/avr5\libgcc.a(_sf_to_si.o)
 .debug_frame   0x00000100       0x20 c:/abdelrhman/embedded/iti/imt_sdk_win_64/imt_sdk_win_64/winavr/bin/../lib/gcc/avr/4.3.3/avr5\libgcc.a(_pack_sf.o)
 .debug_frame   0x00000120       0x20 c:/abdelrhman/embedded/iti/imt_sdk_win_64/imt_sdk_win_64/winavr/bin/../lib/gcc/avr/4.3.3/avr5\libgcc.a(_unpack_sf.o)
 .debug_frame   0x00000140       0x20 c:/abdelrhman/embedded/iti/imt_sdk_win_64/imt_sdk_win_64/winavr/bin/../lib/gcc/avr/4.3.3/avr5\libgcc.a(_fpcmp_parts_sf.o)

.debug_str      0x00000000      0x28d
 *(.debug_str)
 .debug_str     0x00000000       0xbf c:/abdelrhman/embedded/iti/imt_sdk_win_64/imt_sdk_win_64/winavr/bin/../lib/gcc/avr/4.3.3/avr5\libgcc.a(_fixunssfsi.o)
                                 0xfe (size before relaxing)
 .debug_str     0x000000bf      0x14d c:/abdelrhman/embedded/iti/imt_sdk_win_64/imt_sdk_win_64/winavr/bin/../lib/gcc/avr/4.3.3/avr5\libgcc.a(_addsub_sf.o)
                                0x206 (size before relaxing)
 .debug_str     0x0000020c       0x27 c:/abdelrhman/embedded/iti/imt_sdk_win_64/imt_sdk_win_64/winavr/bin/../lib/gcc/avr/4.3.3/avr5\libgcc.a(_mul_sf.o)
                                0x1bf (size before relaxing)
 .debug_str     0x00000233        0xf c:/abdelrhman/embedded/iti/imt_sdk_win_64/imt_sdk_win_64/winavr/bin/../lib/gcc/avr/4.3.3/avr5\libgcc.a(_gt_sf.o)
                                0x195 (size before relaxing)
 .debug_str     0x00000242        0x8 c:/abdelrhman/embedded/iti/imt_sdk_win_64/imt_sdk_win_64/winavr/bin/../lib/gcc/avr/4.3.3/avr5\libgcc.a(_ge_sf.o)
                                0x195 (size before relaxing)
 .debug_str     0x0000024a        0x8 c:/abdelrhman/embedded/iti/imt_sdk_win_64/imt_sdk_win_64/winavr/bin/../lib/gcc/avr/4.3.3/avr5\libgcc.a(_lt_sf.o)
                                0x195 (size before relaxing)
 .debug_str     0x00000252        0xa c:/abdelrhman/embedded/iti/imt_sdk_win_64/imt_sdk_win_64/winavr/bin/../lib/gcc/avr/4.3.3/avr5\libgcc.a(_sf_to_si.o)
                                0x19e (size before relaxing)
 .debug_str     0x00000000      0x103 c:/abdelrhman/embedded/iti/imt_sdk_win_64/imt_sdk_win_64/winavr/bin/../lib/gcc/avr/4.3.3/avr5\libgcc.a(_thenan_sf.o)
 .debug_str     0x0000025c       0x16 c:/abdelrhman/embedded/iti/imt_sdk_win_64/imt_sdk_win_64/winavr/bin/../lib/gcc/avr/4.3.3/avr5\libgcc.a(_pack_sf.o)
                                0x19d (size before relaxing)
 .debug_str     0x00000272        0xb c:/abdelrhman/embedded/iti/imt_sdk_win_64/imt_sdk_win_64/winavr/bin/../lib/gcc/avr/4.3.3/avr5\libgcc.a(_unpack_sf.o)
                                0x17f (size before relaxing)
 .debug_str     0x0000027d       0x10 c:/abdelrhman/embedded/iti/imt_sdk_win_64/imt_sdk_win_64/winavr/bin/../lib/gcc/avr/4.3.3/avr5\libgcc.a(_fpcmp_parts_sf.o)
                                0x163 (size before relaxing)

.debug_loc      0x00000000      0x7ce
 *(.debug_loc)
 .debug_loc     0x00000000       0x34 c:/abdelrhman/embedded/iti/imt_sdk_win_64/imt_sdk_win_64/winavr/bin/../lib/gcc/avr/4.3.3/avr5\libgcc.a(_fixunssfsi.o)
 .debug_loc     0x00000034      0x32a c:/abdelrhman/embedded/iti/imt_sdk_win_64/imt_sdk_win_64/winavr/bin/../lib/gcc/avr/4.3.3/avr5\libgcc.a(_addsub_sf.o)
 .debug_loc     0x0000035e      0x104 c:/abdelrhman/embedded/iti/imt_sdk_win_64/imt_sdk_win_64/winavr/bin/../lib/gcc/avr/4.3.3/avr5\libgcc.a(_mul_sf.o)
 .debug_loc     0x00000462       0x3c c:/abdelrhman/embedded/iti/imt_sdk_win_64/imt_sdk_win_64/winavr/bin/../lib/gcc/avr/4.3.3/avr5\libgcc.a(_gt_sf.o)
 .debug_loc     0x0000049e       0x3c c:/abdelrhman/embedded/iti/imt_sdk_win_64/imt_sdk_win_64/winavr/bin/../lib/gcc/avr/4.3.3/avr5\libgcc.a(_ge_sf.o)
 .debug_loc     0x000004da       0x3c c:/abdelrhman/embedded/iti/imt_sdk_win_64/imt_sdk_win_64/winavr/bin/../lib/gcc/avr/4.3.3/avr5\libgcc.a(_lt_sf.o)
 .debug_loc     0x00000516       0x7e c:/abdelrhman/embedded/iti/imt_sdk_win_64/imt_sdk_win_64/winavr/bin/../lib/gcc/avr/4.3.3/avr5\libgcc.a(_sf_to_si.o)
 .debug_loc     0x00000594      0x13e c:/abdelrhman/embedded/iti/imt_sdk_win_64/imt_sdk_win_64/winavr/bin/../lib/gcc/avr/4.3.3/avr5\libgcc.a(_pack_sf.o)
 .debug_loc     0x000006d2       0xac c:/abdelrhman/embedded/iti/imt_sdk_win_64/imt_sdk_win_64/winavr/bin/../lib/gcc/avr/4.3.3/avr5\libgcc.a(_unpack_sf.o)
 .debug_loc     0x0000077e       0x50 c:/abdelrhman/embedded/iti/imt_sdk_win_64/imt_sdk_win_64/winavr/bin/../lib/gcc/avr/4.3.3/avr5\libgcc.a(_fpcmp_parts_sf.o)

.debug_macinfo
 *(.debug_macinfo)
OUTPUT(Smart_Home_Slave.elf elf32-avr)
LOAD linker stubs

.debug_ranges   0x00000000       0x50
 .debug_ranges  0x00000000       0x50 c:/abdelrhman/embedded/iti/imt_sdk_win_64/imt_sdk_win_64/winavr/bin/../lib/gcc/avr/4.3.3/avr5\libgcc.a(_mul_sf.o)
