Archive member included because of file (symbol)

c:/abdelrhman/embedded/iti/imt_sdk_win_64/imt_sdk_win_64/winavr/bin/../lib/gcc/avr/4.3.3/avr5\libgcc.a(_mulsi3.o)
                              ./APP/main.o (__mulsi3)
c:/abdelrhman/embedded/iti/imt_sdk_win_64/imt_sdk_win_64/winavr/bin/../lib/gcc/avr/4.3.3/avr5\libgcc.a(_udivmodhi4.o)
                              ./HAL/LCD/LCD_program.o (__udivmodhi4)
c:/abdelrhman/embedded/iti/imt_sdk_win_64/imt_sdk_win_64/winavr/bin/../lib/gcc/avr/4.3.3/avr5\libgcc.a(_exit.o)
                              c:/abdelrhman/embedded/iti/imt_sdk_win_64/imt_sdk_win_64/winavr/bin/../lib/gcc/avr/4.3.3/../../../../avr/lib/avr5/crtm32.o (exit)
c:/abdelrhman/embedded/iti/imt_sdk_win_64/imt_sdk_win_64/winavr/bin/../lib/gcc/avr/4.3.3/avr5\libgcc.a(_copy_data.o)
                              ./MCAL/ADC/ADC_Program.o (__do_copy_data)
c:/abdelrhman/embedded/iti/imt_sdk_win_64/imt_sdk_win_64/winavr/bin/../lib/gcc/avr/4.3.3/avr5\libgcc.a(_clear_bss.o)
                              ./MCAL/UART/UART_Program.o (__do_clear_bss)
c:/abdelrhman/embedded/iti/imt_sdk_win_64/imt_sdk_win_64/winavr/bin/../lib/gcc/avr/4.3.3/avr5\libgcc.a(_fixunssfsi.o)
                              ./HAL/LCD/LCD_program.o (__fixunssfsi)
c:/abdelrhman/embedded/iti/imt_sdk_win_64/imt_sdk_win_64/winavr/bin/../lib/gcc/avr/4.3.3/avr5\libgcc.a(_addsub_sf.o)
                              c:/abdelrhman/embedded/iti/imt_sdk_win_64/imt_sdk_win_64/winavr/bin/../lib/gcc/avr/4.3.3/avr5\libgcc.a(_fixunssfsi.o) (__subsf3)
c:/abdelrhman/embedded/iti/imt_sdk_win_64/imt_sdk_win_64/winavr/bin/../lib/gcc/avr/4.3.3/avr5\libgcc.a(_mul_sf.o)
                              ./HAL/LCD/LCD_program.o (__mulsf3)
c:/abdelrhman/embedded/iti/imt_sdk_win_64/imt_sdk_win_64/winavr/bin/../lib/gcc/avr/4.3.3/avr5\libgcc.a(_gt_sf.o)
                              ./HAL/LCD/LCD_program.o (__gtsf2)
c:/abdelrhman/embedded/iti/imt_sdk_win_64/imt_sdk_win_64/winavr/bin/../lib/gcc/avr/4.3.3/avr5\libgcc.a(_ge_sf.o)
                              c:/abdelrhman/embedded/iti/imt_sdk_win_64/imt_sdk_win_64/winavr/bin/../lib/gcc/avr/4.3.3/avr5\libgcc.a(_fixunssfsi.o) (__gesf2)
c:/abdelrhman/embedded/iti/imt_sdk_win_64/imt_sdk_win_64/winavr/bin/../lib/gcc/avr/4.3.3/avr5\libgcc.a(_lt_sf.o)
                              ./HAL/LCD/LCD_program.o (__ltsf2)
c:/abdelrhman/embedded/iti/imt_sdk_win_64/imt_sdk_win_64/winavr/bin/../lib/gcc/avr/4.3.3/avr5\libgcc.a(_sf_to_si.o)
                              c:/abdelrhman/embedded/iti/imt_sdk_win_64/imt_sdk_win_64/winavr/bin/../lib/gcc/avr/4.3.3/avr5\libgcc.a(_fixunssfsi.o) (__fixsfsi)
c:/abdelrhman/embedded/iti/imt_sdk_win_64/imt_sdk_win_64/winavr/bin/../lib/gcc/avr/4.3.3/avr5\libgcc.a(_thenan_sf.o)
                              c:/abdelrhman/embedded/iti/imt_sdk_win_64/imt_sdk_win_64/winavr/bin/../lib/gcc/avr/4.3.3/avr5\libgcc.a(_addsub_sf.o) (__thenan_sf)
c:/abdelrhman/embedded/iti/imt_sdk_win_64/imt_sdk_win_64/winavr/bin/../lib/gcc/avr/4.3.3/avr5\libgcc.a(_prologue.o)
                              c:/abdelrhman/embedded/iti/imt_sdk_win_64/imt_sdk_win_64/winavr/bin/../lib/gcc/avr/4.3.3/avr5\libgcc.a(_addsub_sf.o) (__prologue_saves__)
c:/abdelrhman/embedded/iti/imt_sdk_win_64/imt_sdk_win_64/winavr/bin/../lib/gcc/avr/4.3.3/avr5\libgcc.a(_epilogue.o)
                              c:/abdelrhman/embedded/iti/imt_sdk_win_64/imt_sdk_win_64/winavr/bin/../lib/gcc/avr/4.3.3/avr5\libgcc.a(_addsub_sf.o) (__epilogue_restores__)
c:/abdelrhman/embedded/iti/imt_sdk_win_64/imt_sdk_win_64/winavr/bin/../lib/gcc/avr/4.3.3/avr5\libgcc.a(_pack_sf.o)
                              c:/abdelrhman/embedded/iti/imt_sdk_win_64/imt_sdk_win_64/winavr/bin/../lib/gcc/avr/4.3.3/avr5\libgcc.a(_addsub_sf.o) (__pack_f)
c:/abdelrhman/embedded/iti/imt_sdk_win_64/imt_sdk_win_64/winavr/bin/../lib/gcc/avr/4.3.3/avr5\libgcc.a(_unpack_sf.o)
                              c:/abdelrhman/embedded/iti/imt_sdk_win_64/imt_sdk_win_64/winavr/bin/../lib/gcc/avr/4.3.3/avr5\libgcc.a(_addsub_sf.o) (__unpack_f)
c:/abdelrhman/embedded/iti/imt_sdk_win_64/imt_sdk_win_64/winavr/bin/../lib/gcc/avr/4.3.3/avr5\libgcc.a(_fpcmp_parts_sf.o)
                              c:/abdelrhman/embedded/iti/imt_sdk_win_64/imt_sdk_win_64/winavr/bin/../lib/gcc/avr/4.3.3/avr5\libgcc.a(_gt_sf.o) (__fpcmp_parts_f)

Allocating common symbols
Common symbol       size              file

Local_u8Flag        0x1               ./APP/main.o

Memory Configuration

Name             Origin             Length             Attributes
text             0x00000000         0x00020000         xr
data             0x00800060         0x0000ffa0         rw !x
eeprom           0x00810000         0x00010000         rw !x
fuse             0x00820000         0x00000400         rw !x
lock             0x00830000         0x00000400         rw !x
signature        0x00840000         0x00000400         rw !x
*default*        0x00000000         0xffffffff

Linker script and memory map

LOAD c:/abdelrhman/embedded/iti/imt_sdk_win_64/imt_sdk_win_64/winavr/bin/../lib/gcc/avr/4.3.3/../../../../avr/lib/avr5/crtm32.o
LOAD ./MCAL/WDT/WDT_program.o
LOAD ./MCAL/UART/UART_Program.o
LOAD ./MCAL/TWI/TWI_program.o
LOAD ./MCAL/TIMER/TIMER_program.o
LOAD ./MCAL/SPI/SPI_program.o
LOAD ./MCAL/GIE/GIE_program.o
LOAD ./MCAL/EXTI/EXTI_Program.o
LOAD ./MCAL/DIO/DIO_program.o
LOAD ./MCAL/ADC/ADC_Program.o
LOAD ./HAL/LCD/LCD_program.o
LOAD ./HAL/KEYPAD/KEYPAD_Program.o
LOAD ./HAL/EEPROM/EEPROM_program.o
LOAD ./APP/main.o
LOAD c:/abdelrhman/embedded/iti/imt_sdk_win_64/imt_sdk_win_64/winavr/bin/../lib/gcc/avr/4.3.3/avr5\libgcc.a
LOAD c:/abdelrhman/embedded/iti/imt_sdk_win_64/imt_sdk_win_64/winavr/bin/../lib/gcc/avr/4.3.3/../../../../avr/lib/avr5\libc.a
LOAD c:/abdelrhman/embedded/iti/imt_sdk_win_64/imt_sdk_win_64/winavr/bin/../lib/gcc/avr/4.3.3/avr5\libgcc.a

.hash
 *(.hash)

.dynsym
 *(.dynsym)

.dynstr
 *(.dynstr)

.gnu.version
 *(.gnu.version)

.gnu.version_d
 *(.gnu.version_d)

.gnu.version_r
 *(.gnu.version_r)

.rel.init
 *(.rel.init)

.rela.init
 *(.rela.init)

.rel.text
 *(.rel.text)
 *(.rel.text.*)
 *(.rel.gnu.linkonce.t*)

.rela.text
 *(.rela.text)
 *(.rela.text.*)
 *(.rela.gnu.linkonce.t*)

.rel.fini
 *(.rel.fini)

.rela.fini
 *(.rela.fini)

.rel.rodata
 *(.rel.rodata)
 *(.rel.rodata.*)
 *(.rel.gnu.linkonce.r*)

.rela.rodata
 *(.rela.rodata)
 *(.rela.rodata.*)
 *(.rela.gnu.linkonce.r*)

.rel.data
 *(.rel.data)
 *(.rel.data.*)
 *(.rel.gnu.linkonce.d*)

.rela.data
 *(.rela.data)
 *(.rela.data.*)
 *(.rela.gnu.linkonce.d*)

.rel.ctors
 *(.rel.ctors)

.rela.ctors
 *(.rela.ctors)

.rel.dtors
 *(.rel.dtors)

.rela.dtors
 *(.rela.dtors)

.rel.got
 *(.rel.got)

.rela.got
 *(.rela.got)

.rel.bss
 *(.rel.bss)

.rela.bss
 *(.rela.bss)

.rel.plt
 *(.rel.plt)

.rela.plt
 *(.rela.plt)

.text           0x00000000     0x4a68
 *(.vectors)
 .vectors       0x00000000       0x54 c:/abdelrhman/embedded/iti/imt_sdk_win_64/imt_sdk_win_64/winavr/bin/../lib/gcc/avr/4.3.3/../../../../avr/lib/avr5/crtm32.o
                0x00000000                __vectors
                0x00000000                __vector_default
 *(.vectors)
 *(.progmem.gcc*)
 *(.progmem*)
                0x00000054                . = ALIGN (0x2)
                0x00000054                __trampolines_start = .
 *(.trampolines)
 .trampolines   0x00000054        0x0 linker stubs
 *(.trampolines*)
                0x00000054                __trampolines_end = .
 *(.jumptables)
 *(.jumptables*)
 *(.lowtext)
 *(.lowtext*)
                0x00000054                __ctors_start = .
 *(.ctors)
                0x00000054                __ctors_end = .
                0x00000054                __dtors_start = .
 *(.dtors)
                0x00000054                __dtors_end = .
 SORT(*)(.ctors)
 SORT(*)(.dtors)
 *(.init0)
 .init0         0x00000054        0x0 c:/abdelrhman/embedded/iti/imt_sdk_win_64/imt_sdk_win_64/winavr/bin/../lib/gcc/avr/4.3.3/../../../../avr/lib/avr5/crtm32.o
                0x00000054                __init
 *(.init0)
 *(.init1)
 *(.init1)
 *(.init2)
 .init2         0x00000054        0xc c:/abdelrhman/embedded/iti/imt_sdk_win_64/imt_sdk_win_64/winavr/bin/../lib/gcc/avr/4.3.3/../../../../avr/lib/avr5/crtm32.o
 *(.init2)
 *(.init3)
 *(.init3)
 *(.init4)
 .init4         0x00000060       0x16 c:/abdelrhman/embedded/iti/imt_sdk_win_64/imt_sdk_win_64/winavr/bin/../lib/gcc/avr/4.3.3/avr5\libgcc.a(_copy_data.o)
                0x00000060                __do_copy_data
 .init4         0x00000076       0x10 c:/abdelrhman/embedded/iti/imt_sdk_win_64/imt_sdk_win_64/winavr/bin/../lib/gcc/avr/4.3.3/avr5\libgcc.a(_clear_bss.o)
                0x00000076                __do_clear_bss
 *(.init4)
 *(.init5)
 *(.init5)
 *(.init6)
 *(.init6)
 *(.init7)
 *(.init7)
 *(.init8)
 *(.init8)
 *(.init9)
 .init9         0x00000086        0x8 c:/abdelrhman/embedded/iti/imt_sdk_win_64/imt_sdk_win_64/winavr/bin/../lib/gcc/avr/4.3.3/../../../../avr/lib/avr5/crtm32.o
 *(.init9)
 *(.text)
 .text          0x0000008e        0x4 c:/abdelrhman/embedded/iti/imt_sdk_win_64/imt_sdk_win_64/winavr/bin/../lib/gcc/avr/4.3.3/../../../../avr/lib/avr5/crtm32.o
                0x0000008e                __vector_12
                0x0000008e                __bad_interrupt
                0x0000008e                __vector_11
                0x0000008e                __vector_13
                0x0000008e                __vector_17
                0x0000008e                __vector_19
                0x0000008e                __vector_7
                0x0000008e                __vector_5
                0x0000008e                __vector_4
                0x0000008e                __vector_9
                0x0000008e                __vector_8
                0x0000008e                __vector_14
                0x0000008e                __vector_18
                0x0000008e                __vector_20
 .text          0x00000092        0x0 ./MCAL/WDT/WDT_program.o
 .text          0x00000092        0x0 ./MCAL/UART/UART_Program.o
 .text          0x00000092        0x0 ./MCAL/TWI/TWI_program.o
 .text          0x00000092        0x0 ./MCAL/TIMER/TIMER_program.o
 .text          0x00000092        0x0 ./MCAL/SPI/SPI_program.o
 .text          0x00000092        0x0 ./MCAL/GIE/GIE_program.o
 .text          0x00000092        0x0 ./MCAL/EXTI/EXTI_Program.o
 .text          0x00000092        0x0 ./MCAL/DIO/DIO_program.o
 .text          0x00000092        0x0 ./MCAL/ADC/ADC_Program.o
 .text          0x00000092        0x0 ./HAL/LCD/LCD_program.o
 .text          0x00000092        0x0 ./HAL/KEYPAD/KEYPAD_Program.o
 .text          0x00000092        0x0 ./HAL/EEPROM/EEPROM_program.o
 .text          0x00000092        0x0 ./APP/main.o
 .text          0x00000092        0x0 c:/abdelrhman/embedded/iti/imt_sdk_win_64/imt_sdk_win_64/winavr/bin/../lib/gcc/avr/4.3.3/avr5\libgcc.a(_mulsi3.o)
 .text          0x00000092        0x0 c:/abdelrhman/embedded/iti/imt_sdk_win_64/imt_sdk_win_64/winavr/bin/../lib/gcc/avr/4.3.3/avr5\libgcc.a(_udivmodhi4.o)
 .text          0x00000092        0x0 c:/abdelrhman/embedded/iti/imt_sdk_win_64/imt_sdk_win_64/winavr/bin/../lib/gcc/avr/4.3.3/avr5\libgcc.a(_exit.o)
 .text          0x00000092        0x0 c:/abdelrhman/embedded/iti/imt_sdk_win_64/imt_sdk_win_64/winavr/bin/../lib/gcc/avr/4.3.3/avr5\libgcc.a(_copy_data.o)
 .text          0x00000092        0x0 c:/abdelrhman/embedded/iti/imt_sdk_win_64/imt_sdk_win_64/winavr/bin/../lib/gcc/avr/4.3.3/avr5\libgcc.a(_clear_bss.o)
 .text          0x00000092       0x58 c:/abdelrhman/embedded/iti/imt_sdk_win_64/imt_sdk_win_64/winavr/bin/../lib/gcc/avr/4.3.3/avr5\libgcc.a(_fixunssfsi.o)
                0x00000092                __fixunssfsi
 .text          0x000000ea      0x354 c:/abdelrhman/embedded/iti/imt_sdk_win_64/imt_sdk_win_64/winavr/bin/../lib/gcc/avr/4.3.3/avr5\libgcc.a(_addsub_sf.o)
                0x00000382                __subsf3
                0x000003e4                __addsf3
 .text          0x0000043e      0x1f4 c:/abdelrhman/embedded/iti/imt_sdk_win_64/imt_sdk_win_64/winavr/bin/../lib/gcc/avr/4.3.3/avr5\libgcc.a(_mul_sf.o)
                0x0000043e                __mulsf3
 .text          0x00000632       0x60 c:/abdelrhman/embedded/iti/imt_sdk_win_64/imt_sdk_win_64/winavr/bin/../lib/gcc/avr/4.3.3/avr5\libgcc.a(_gt_sf.o)
                0x00000632                __gtsf2
 .text          0x00000692       0x60 c:/abdelrhman/embedded/iti/imt_sdk_win_64/imt_sdk_win_64/winavr/bin/../lib/gcc/avr/4.3.3/avr5\libgcc.a(_ge_sf.o)
                0x00000692                __gesf2
 .text          0x000006f2       0x60 c:/abdelrhman/embedded/iti/imt_sdk_win_64/imt_sdk_win_64/winavr/bin/../lib/gcc/avr/4.3.3/avr5\libgcc.a(_lt_sf.o)
                0x000006f2                __ltsf2
 .text          0x00000752       0xa8 c:/abdelrhman/embedded/iti/imt_sdk_win_64/imt_sdk_win_64/winavr/bin/../lib/gcc/avr/4.3.3/avr5\libgcc.a(_sf_to_si.o)
                0x00000752                __fixsfsi
 .text          0x000007fa        0x0 c:/abdelrhman/embedded/iti/imt_sdk_win_64/imt_sdk_win_64/winavr/bin/../lib/gcc/avr/4.3.3/avr5\libgcc.a(_thenan_sf.o)
 .text          0x000007fa        0x0 c:/abdelrhman/embedded/iti/imt_sdk_win_64/imt_sdk_win_64/winavr/bin/../lib/gcc/avr/4.3.3/avr5\libgcc.a(_prologue.o)
 .text          0x000007fa        0x0 c:/abdelrhman/embedded/iti/imt_sdk_win_64/imt_sdk_win_64/winavr/bin/../lib/gcc/avr/4.3.3/avr5\libgcc.a(_epilogue.o)
 .text          0x000007fa      0x1aa c:/abdelrhman/embedded/iti/imt_sdk_win_64/imt_sdk_win_64/winavr/bin/../lib/gcc/avr/4.3.3/avr5\libgcc.a(_pack_sf.o)
                0x000007fa                __pack_f
 .text          0x000009a4       0xf0 c:/abdelrhman/embedded/iti/imt_sdk_win_64/imt_sdk_win_64/winavr/bin/../lib/gcc/avr/4.3.3/avr5\libgcc.a(_unpack_sf.o)
                0x000009a4                __unpack_f
 .text          0x00000a94       0xb2 c:/abdelrhman/embedded/iti/imt_sdk_win_64/imt_sdk_win_64/winavr/bin/../lib/gcc/avr/4.3.3/avr5\libgcc.a(_fpcmp_parts_sf.o)
                0x00000a94                __fpcmp_parts_f
                0x00000b46                . = ALIGN (0x2)
 *(.text.*)
 .text.WDT_voidEnable
                0x00000b46       0x1c ./MCAL/WDT/WDT_program.o
                0x00000b46                WDT_voidEnable
 .text.WDT_voidDisable
                0x00000b62       0x1c ./MCAL/WDT/WDT_program.o
                0x00000b62                WDT_voidDisable
 .text.WDT_voidSleep
                0x00000b7e       0x38 ./MCAL/WDT/WDT_program.o
                0x00000b7e                WDT_voidSleep
 .text.M_UART_voidInit
                0x00000bb6       0x94 ./MCAL/UART/UART_Program.o
                0x00000bb6                M_UART_voidInit
 .text.M_UART_voidSendData
                0x00000c4a       0x34 ./MCAL/UART/UART_Program.o
                0x00000c4a                M_UART_voidSendData
 .text.M_UART_voidRecieveData
                0x00000c7e       0x1e ./MCAL/UART/UART_Program.o
                0x00000c7e                M_UART_voidRecieveData
 .text.M_UART_voidSendString
                0x00000c9c       0x52 ./MCAL/UART/UART_Program.o
                0x00000c9c                M_UART_voidSendString
 .text.SetCallback
                0x00000cee       0x2c ./MCAL/UART/UART_Program.o
                0x00000cee                SetCallback
 .text.__vector_15
                0x00000d1a       0x66 ./MCAL/UART/UART_Program.o
                0x00000d1a                __vector_15
 .text.TWI_voidInitMaster
                0x00000d80       0x64 ./MCAL/TWI/TWI_program.o
                0x00000d80                TWI_voidInitMaster
 .text.TWI_voidInitSlave
                0x00000de4       0x3a ./MCAL/TWI/TWI_program.o
                0x00000de4                TWI_voidInitSlave
 .text.TWI_ErrorStatusSendStartConditionWithACK
                0x00000e1e       0x54 ./MCAL/TWI/TWI_program.o
                0x00000e1e                TWI_ErrorStatusSendStartConditionWithACK
 .text.TWI_ErrorStatusSendRepeatedStartConditionWithACK
                0x00000e72       0x46 ./MCAL/TWI/TWI_program.o
                0x00000e72                TWI_ErrorStatusSendRepeatedStartConditionWithACK
 .text.TWI_ErrorStatusSendSlaveAddressWithWriteACK
                0x00000eb8       0x6e ./MCAL/TWI/TWI_program.o
                0x00000eb8                TWI_ErrorStatusSendSlaveAddressWithWriteACK
 .text.TWI_ErrorStatusSendSlaveAddressWithReadACK
                0x00000f26       0x6a ./MCAL/TWI/TWI_program.o
                0x00000f26                TWI_ErrorStatusSendSlaveAddressWithReadACK
 .text.TWI_ErrorStatusMasterWriteDataByteWithACK
                0x00000f90       0x52 ./MCAL/TWI/TWI_program.o
                0x00000f90                TWI_ErrorStatusMasterWriteDataByteWithACK
 .text.TWI_ErrorStatusMasterReadDataByteWithACK
                0x00000fe2       0x5e ./MCAL/TWI/TWI_program.o
                0x00000fe2                TWI_ErrorStatusMasterReadDataByteWithACK
 .text.TWI_ErrorStatusMasterReadDataByteWithNACK
                0x00001040       0x6c ./MCAL/TWI/TWI_program.o
                0x00001040                TWI_ErrorStatusMasterReadDataByteWithNACK
 .text.TWI_voidSendStopCondition
                0x000010ac       0x2a ./MCAL/TWI/TWI_program.o
                0x000010ac                TWI_voidSendStopCondition
 .text.TIMER_voidTimer0Init
                0x000010d6       0x70 ./MCAL/TIMER/TIMER_program.o
                0x000010d6                TIMER_voidTimer0Init
 .text.TIMER_voidTimer1Init
                0x00001146       0x70 ./MCAL/TIMER/TIMER_program.o
                0x00001146                TIMER_voidTimer1Init
 .text.TIMER_voidTimer1ASetCompareValue
                0x000011b6       0x24 ./MCAL/TIMER/TIMER_program.o
                0x000011b6                TIMER_voidTimer1ASetCompareValue
 .text.TIMER_voidTimer1BSetCompareValue
                0x000011da       0x24 ./MCAL/TIMER/TIMER_program.o
                0x000011da                TIMER_voidTimer1BSetCompareValue
 .text.TIMER_voidTimer1SetInputCaptureValue
                0x000011fe       0x24 ./MCAL/TIMER/TIMER_program.o
                0x000011fe                TIMER_voidTimer1SetInputCaptureValue
 .text.TIMER_voidTimer0SetCompareValue
                0x00001222       0x1c ./MCAL/TIMER/TIMER_program.o
                0x00001222                TIMER_voidTimer0SetCompareValue
 .text.TIMER_voidTimer0SetCallBack
                0x0000123e       0x24 ./MCAL/TIMER/TIMER_program.o
                0x0000123e                TIMER_voidTimer0SetCallBack
 .text.ICU_voidInit
                0x00001262       0x2a ./MCAL/TIMER/TIMER_program.o
                0x00001262                ICU_voidInit
 .text.ICU_voidSetTrigger
                0x0000128c       0x56 ./MCAL/TIMER/TIMER_program.o
                0x0000128c                ICU_voidSetTrigger
 .text.ICU_u16ReadInputCapture
                0x000012e2       0x16 ./MCAL/TIMER/TIMER_program.o
                0x000012e2                ICU_u16ReadInputCapture
 .text.ICU_voidInterruptDisbale
                0x000012f8       0x1c ./MCAL/TIMER/TIMER_program.o
                0x000012f8                ICU_voidInterruptDisbale
 .text.ICU_voidSetCallBack
                0x00001314       0x24 ./MCAL/TIMER/TIMER_program.o
                0x00001314                ICU_voidSetCallBack
 .text.__vector_10
                0x00001338       0x66 ./MCAL/TIMER/TIMER_program.o
                0x00001338                __vector_10
 .text.__vector_6
                0x0000139e       0x66 ./MCAL/TIMER/TIMER_program.o
                0x0000139e                __vector_6
 .text.SPI_voidMasterInit
                0x00001404       0x7e ./MCAL/SPI/SPI_program.o
                0x00001404                SPI_voidMasterInit
 .text.SPI_voidSlaveInit
                0x00001482       0x54 ./MCAL/SPI/SPI_program.o
                0x00001482                SPI_voidSlaveInit
 .text.SPI_u8Tranceive
                0x000014d6       0x3a ./MCAL/SPI/SPI_program.o
                0x000014d6                SPI_u8Tranceive
 .text.GIE_voidEnableGlobalInterrupt
                0x00001510       0x1c ./MCAL/GIE/GIE_program.o
                0x00001510                GIE_voidEnableGlobalInterrupt
 .text.GIE_voidDisableGlobalInterrupt
                0x0000152c       0x1c ./MCAL/GIE/GIE_program.o
                0x0000152c                GIE_voidDisableGlobalInterrupt
 .text.EXTI_VoidInit
                0x00001548       0x38 ./MCAL/EXTI/EXTI_Program.o
                0x00001548                EXTI_VoidInit
 .text.EXTI_VoidEnable
                0x00001580      0x228 ./MCAL/EXTI/EXTI_Program.o
                0x00001580                EXTI_VoidEnable
 .text.EXTI_VoidDisable
                0x000017a8       0x6e ./MCAL/EXTI/EXTI_Program.o
                0x000017a8                EXTI_VoidDisable
 .text.EXTI_SetCallBack_INT0
                0x00001816       0x24 ./MCAL/EXTI/EXTI_Program.o
                0x00001816                EXTI_SetCallBack_INT0
 .text.EXTI_SetCallBack_INT1
                0x0000183a       0x24 ./MCAL/EXTI/EXTI_Program.o
                0x0000183a                EXTI_SetCallBack_INT1
 .text.EXTI_SetCallBack_INT2
                0x0000185e       0x24 ./MCAL/EXTI/EXTI_Program.o
                0x0000185e                EXTI_SetCallBack_INT2
 .text.__vector_1
                0x00001882       0x66 ./MCAL/EXTI/EXTI_Program.o
                0x00001882                __vector_1
 .text.__vector_2
                0x000018e8       0x6e ./MCAL/EXTI/EXTI_Program.o
                0x000018e8                __vector_2
 .text.__vector_3
                0x00001956       0x6e ./MCAL/EXTI/EXTI_Program.o
                0x00001956                __vector_3
 .text.DIO_voidSetPinDirection
                0x000019c4      0x1c6 ./MCAL/DIO/DIO_program.o
                0x000019c4                DIO_voidSetPinDirection
 .text.DIO_voidSetPinValue
                0x00001b8a      0x1c6 ./MCAL/DIO/DIO_program.o
                0x00001b8a                DIO_voidSetPinValue
 .text.DIO_voidSetPortDirection
                0x00001d50       0xd2 ./MCAL/DIO/DIO_program.o
                0x00001d50                DIO_voidSetPortDirection
 .text.DIO_voidSetPortValue
                0x00001e22       0x82 ./MCAL/DIO/DIO_program.o
                0x00001e22                DIO_voidSetPortValue
 .text.DIO_u8GetPinValue
                0x00001ea4       0xf2 ./MCAL/DIO/DIO_program.o
                0x00001ea4                DIO_u8GetPinValue
 .text.ADC_voidInit
                0x00001f96       0x62 ./MCAL/ADC/ADC_Program.o
                0x00001f96                ADC_voidInit
 .text.ADC_u16GetAnalogReadSYNC
                0x00001ff8       0x6c ./MCAL/ADC/ADC_Program.o
                0x00001ff8                ADC_u16GetAnalogReadSYNC
 .text.ADC_u16GetAnalogReadASYNC
                0x00002064       0xaa ./MCAL/ADC/ADC_Program.o
                0x00002064                ADC_u16GetAnalogReadASYNC
 .text.__vector_16
                0x0000210e       0x88 ./MCAL/ADC/ADC_Program.o
                0x0000210e                __vector_16
 .text.LCD_voidSendCommand
                0x00002196      0x13c ./HAL/LCD/LCD_program.o
                0x00002196                LCD_voidSendCommand
 .text.LCD_voidSendData
                0x000022d2      0x13c ./HAL/LCD/LCD_program.o
                0x000022d2                LCD_voidSendData
 .text.LCD_voidInit
                0x0000240e      0x142 ./HAL/LCD/LCD_program.o
                0x0000240e                LCD_voidInit
 .text.LCD_voidGoToXY
                0x00002550       0x42 ./HAL/LCD/LCD_program.o
                0x00002550                LCD_voidGoToXY
 .text.LCD_voidSendString
                0x00002592       0x52 ./HAL/LCD/LCD_program.o
                0x00002592                LCD_voidSendString
 .text.LCD_voidSendCustomCharacter
                0x000025e4       0x84 ./HAL/LCD/LCD_program.o
                0x000025e4                LCD_voidSendCustomCharacter
 .text.LCD_voidSendNumber
                0x00002668       0xc6 ./HAL/LCD/LCD_program.o
                0x00002668                LCD_voidSendNumber
 .text.LCD_voidClearDisplay
                0x0000272e       0x14 ./HAL/LCD/LCD_program.o
                0x0000272e                LCD_voidClearDisplay
 .text.KPD_voidInit
                0x00002742       0xae ./HAL/KEYPAD/KEYPAD_Program.o
                0x00002742                KPD_voidInit
 .text.KPD_u8GetPressedKey
                0x000027f0      0x100 ./HAL/KEYPAD/KEYPAD_Program.o
                0x000027f0                KPD_u8GetPressedKey
 .text.EEPROM_voidSendDataByte
                0x000028f0      0x136 ./HAL/EEPROM/EEPROM_program.o
                0x000028f0                EEPROM_voidSendDataByte
 .text.EEPROM_u8ReadDataByte
                0x00002a26      0x142 ./HAL/EEPROM/EEPROM_program.o
                0x00002a26                EEPROM_u8ReadDataByte
 .text.EEPROM_voidSendWord
                0x00002b68       0x4a ./HAL/EEPROM/EEPROM_program.o
                0x00002b68                EEPROM_voidSendWord
 .text.EEPROM_u16ReadWord
                0x00002bb2       0x56 ./HAL/EEPROM/EEPROM_program.o
                0x00002bb2                EEPROM_u16ReadWord
 .text.Appinit  0x00002c08       0x78 ./APP/main.o
                0x00002c08                Appinit
 .text.Reset    0x00002c80       0x26 ./APP/main.o
                0x00002c80                Reset
 .text.main     0x00002ca6     0x1cea ./APP/main.o
                0x00002ca6                main
 .text.libgcc   0x00004990       0x3e c:/abdelrhman/embedded/iti/imt_sdk_win_64/imt_sdk_win_64/winavr/bin/../lib/gcc/avr/4.3.3/avr5\libgcc.a(_mulsi3.o)
                0x00004990                __mulsi3
 .text.libgcc   0x000049ce       0x28 c:/abdelrhman/embedded/iti/imt_sdk_win_64/imt_sdk_win_64/winavr/bin/../lib/gcc/avr/4.3.3/avr5\libgcc.a(_udivmodhi4.o)
                0x000049ce                __udivmodhi4
 .text.libgcc   0x000049f6        0x0 c:/abdelrhman/embedded/iti/imt_sdk_win_64/imt_sdk_win_64/winavr/bin/../lib/gcc/avr/4.3.3/avr5\libgcc.a(_exit.o)
 .text.libgcc   0x000049f6        0x0 c:/abdelrhman/embedded/iti/imt_sdk_win_64/imt_sdk_win_64/winavr/bin/../lib/gcc/avr/4.3.3/avr5\libgcc.a(_copy_data.o)
 .text.libgcc   0x000049f6        0x0 c:/abdelrhman/embedded/iti/imt_sdk_win_64/imt_sdk_win_64/winavr/bin/../lib/gcc/avr/4.3.3/avr5\libgcc.a(_clear_bss.o)
 .text.libgcc   0x000049f6       0x38 c:/abdelrhman/embedded/iti/imt_sdk_win_64/imt_sdk_win_64/winavr/bin/../lib/gcc/avr/4.3.3/avr5\libgcc.a(_prologue.o)
                0x000049f6                __prologue_saves__
 .text.libgcc   0x00004a2e       0x36 c:/abdelrhman/embedded/iti/imt_sdk_win_64/imt_sdk_win_64/winavr/bin/../lib/gcc/avr/4.3.3/avr5\libgcc.a(_epilogue.o)
                0x00004a2e                __epilogue_restores__
                0x00004a64                . = ALIGN (0x2)
 *(.fini9)
 .fini9         0x00004a64        0x0 c:/abdelrhman/embedded/iti/imt_sdk_win_64/imt_sdk_win_64/winavr/bin/../lib/gcc/avr/4.3.3/avr5\libgcc.a(_exit.o)
                0x00004a64                exit
                0x00004a64                _exit
 *(.fini9)
 *(.fini8)
 *(.fini8)
 *(.fini7)
 *(.fini7)
 *(.fini6)
 *(.fini6)
 *(.fini5)
 *(.fini5)
 *(.fini4)
 *(.fini4)
 *(.fini3)
 *(.fini3)
 *(.fini2)
 *(.fini2)
 *(.fini1)
 *(.fini1)
 *(.fini0)
 .fini0         0x00004a64        0x4 c:/abdelrhman/embedded/iti/imt_sdk_win_64/imt_sdk_win_64/winavr/bin/../lib/gcc/avr/4.3.3/avr5\libgcc.a(_exit.o)
 *(.fini0)
                0x00004a68                _etext = .

.data           0x00800060      0x128 load address 0x00004a68
                0x00800060                PROVIDE (__data_start, .)
 *(.data)
 .data          0x00800060        0x0 c:/abdelrhman/embedded/iti/imt_sdk_win_64/imt_sdk_win_64/winavr/bin/../lib/gcc/avr/4.3.3/../../../../avr/lib/avr5/crtm32.o
 .data          0x00800060        0x0 ./MCAL/WDT/WDT_program.o
 .data          0x00800060        0x0 ./MCAL/UART/UART_Program.o
 .data          0x00800060        0x0 ./MCAL/TWI/TWI_program.o
 .data          0x00800060        0x0 ./MCAL/TIMER/TIMER_program.o
 .data          0x00800060        0x0 ./MCAL/SPI/SPI_program.o
 .data          0x00800060        0x0 ./MCAL/GIE/GIE_program.o
 .data          0x00800060        0x0 ./MCAL/EXTI/EXTI_Program.o
 .data          0x00800060        0x0 ./MCAL/DIO/DIO_program.o
 .data          0x00800060        0x0 ./MCAL/ADC/ADC_Program.o
 .data          0x00800060        0x0 ./HAL/LCD/LCD_program.o
 .data          0x00800060        0x0 ./HAL/KEYPAD/KEYPAD_Program.o
 .data          0x00800060        0x0 ./HAL/EEPROM/EEPROM_program.o
 .data          0x00800060      0x106 ./APP/main.o
 .data          0x00800166        0x0 c:/abdelrhman/embedded/iti/imt_sdk_win_64/imt_sdk_win_64/winavr/bin/../lib/gcc/avr/4.3.3/avr5\libgcc.a(_mulsi3.o)
 .data          0x00800166        0x0 c:/abdelrhman/embedded/iti/imt_sdk_win_64/imt_sdk_win_64/winavr/bin/../lib/gcc/avr/4.3.3/avr5\libgcc.a(_udivmodhi4.o)
 .data          0x00800166        0x0 c:/abdelrhman/embedded/iti/imt_sdk_win_64/imt_sdk_win_64/winavr/bin/../lib/gcc/avr/4.3.3/avr5\libgcc.a(_exit.o)
 .data          0x00800166        0x0 c:/abdelrhman/embedded/iti/imt_sdk_win_64/imt_sdk_win_64/winavr/bin/../lib/gcc/avr/4.3.3/avr5\libgcc.a(_copy_data.o)
 .data          0x00800166        0x0 c:/abdelrhman/embedded/iti/imt_sdk_win_64/imt_sdk_win_64/winavr/bin/../lib/gcc/avr/4.3.3/avr5\libgcc.a(_clear_bss.o)
 .data          0x00800166        0x0 c:/abdelrhman/embedded/iti/imt_sdk_win_64/imt_sdk_win_64/winavr/bin/../lib/gcc/avr/4.3.3/avr5\libgcc.a(_fixunssfsi.o)
 .data          0x00800166        0x0 c:/abdelrhman/embedded/iti/imt_sdk_win_64/imt_sdk_win_64/winavr/bin/../lib/gcc/avr/4.3.3/avr5\libgcc.a(_addsub_sf.o)
 .data          0x00800166        0x0 c:/abdelrhman/embedded/iti/imt_sdk_win_64/imt_sdk_win_64/winavr/bin/../lib/gcc/avr/4.3.3/avr5\libgcc.a(_mul_sf.o)
 .data          0x00800166        0x0 c:/abdelrhman/embedded/iti/imt_sdk_win_64/imt_sdk_win_64/winavr/bin/../lib/gcc/avr/4.3.3/avr5\libgcc.a(_gt_sf.o)
 .data          0x00800166        0x0 c:/abdelrhman/embedded/iti/imt_sdk_win_64/imt_sdk_win_64/winavr/bin/../lib/gcc/avr/4.3.3/avr5\libgcc.a(_ge_sf.o)
 .data          0x00800166        0x0 c:/abdelrhman/embedded/iti/imt_sdk_win_64/imt_sdk_win_64/winavr/bin/../lib/gcc/avr/4.3.3/avr5\libgcc.a(_lt_sf.o)
 .data          0x00800166        0x0 c:/abdelrhman/embedded/iti/imt_sdk_win_64/imt_sdk_win_64/winavr/bin/../lib/gcc/avr/4.3.3/avr5\libgcc.a(_sf_to_si.o)
 .data          0x00800166        0x8 c:/abdelrhman/embedded/iti/imt_sdk_win_64/imt_sdk_win_64/winavr/bin/../lib/gcc/avr/4.3.3/avr5\libgcc.a(_thenan_sf.o)
                0x00800166                __thenan_sf
 .data          0x0080016e        0x0 c:/abdelrhman/embedded/iti/imt_sdk_win_64/imt_sdk_win_64/winavr/bin/../lib/gcc/avr/4.3.3/avr5\libgcc.a(_prologue.o)
 .data          0x0080016e        0x0 c:/abdelrhman/embedded/iti/imt_sdk_win_64/imt_sdk_win_64/winavr/bin/../lib/gcc/avr/4.3.3/avr5\libgcc.a(_epilogue.o)
 .data          0x0080016e        0x0 c:/abdelrhman/embedded/iti/imt_sdk_win_64/imt_sdk_win_64/winavr/bin/../lib/gcc/avr/4.3.3/avr5\libgcc.a(_pack_sf.o)
 .data          0x0080016e        0x0 c:/abdelrhman/embedded/iti/imt_sdk_win_64/imt_sdk_win_64/winavr/bin/../lib/gcc/avr/4.3.3/avr5\libgcc.a(_unpack_sf.o)
 .data          0x0080016e        0x0 c:/abdelrhman/embedded/iti/imt_sdk_win_64/imt_sdk_win_64/winavr/bin/../lib/gcc/avr/4.3.3/avr5\libgcc.a(_fpcmp_parts_sf.o)
 *(.data*)
 .data.ADC_STATE
                0x0080016e        0x2 ./MCAL/ADC/ADC_Program.o
                0x0080016e                ADC_STATE
 .data.Local_Au8Cols_Num
                0x00800170        0x4 ./HAL/KEYPAD/KEYPAD_Program.o
                0x00800170                Local_Au8Cols_Num
 .data.Local_Au8Rows_Num
                0x00800174        0x4 ./HAL/KEYPAD/KEYPAD_Program.o
                0x00800174                Local_Au8Rows_Num
 .data.Local_Au8KeysArr
                0x00800178       0x10 ./HAL/KEYPAD/KEYPAD_Program.o
                0x00800178                Local_Au8KeysArr
 *(.rodata)
 *(.rodata*)
 *(.gnu.linkonce.d*)
                0x00800188                . = ALIGN (0x2)
                0x00800188                _edata = .
                0x00800188                PROVIDE (__data_end, .)

.bss            0x00800188       0x12
                0x00800188                PROVIDE (__bss_start, .)
 *(.bss)
 .bss           0x00800188        0x0 c:/abdelrhman/embedded/iti/imt_sdk_win_64/imt_sdk_win_64/winavr/bin/../lib/gcc/avr/4.3.3/../../../../avr/lib/avr5/crtm32.o
 .bss           0x00800188        0x0 ./MCAL/WDT/WDT_program.o
 .bss           0x00800188        0x0 ./MCAL/UART/UART_Program.o
 .bss           0x00800188        0x0 ./MCAL/TWI/TWI_program.o
 .bss           0x00800188        0x0 ./MCAL/TIMER/TIMER_program.o
 .bss           0x00800188        0x0 ./MCAL/SPI/SPI_program.o
 .bss           0x00800188        0x0 ./MCAL/GIE/GIE_program.o
 .bss           0x00800188        0x0 ./MCAL/EXTI/EXTI_Program.o
 .bss           0x00800188        0x0 ./MCAL/DIO/DIO_program.o
 .bss           0x00800188        0x0 ./MCAL/ADC/ADC_Program.o
 .bss           0x00800188        0x0 ./HAL/LCD/LCD_program.o
 .bss           0x00800188        0x0 ./HAL/KEYPAD/KEYPAD_Program.o
 .bss           0x00800188        0x0 ./HAL/EEPROM/EEPROM_program.o
 .bss           0x00800188        0x0 ./APP/main.o
 .bss           0x00800188        0x0 c:/abdelrhman/embedded/iti/imt_sdk_win_64/imt_sdk_win_64/winavr/bin/../lib/gcc/avr/4.3.3/avr5\libgcc.a(_mulsi3.o)
 .bss           0x00800188        0x0 c:/abdelrhman/embedded/iti/imt_sdk_win_64/imt_sdk_win_64/winavr/bin/../lib/gcc/avr/4.3.3/avr5\libgcc.a(_udivmodhi4.o)
 .bss           0x00800188        0x0 c:/abdelrhman/embedded/iti/imt_sdk_win_64/imt_sdk_win_64/winavr/bin/../lib/gcc/avr/4.3.3/avr5\libgcc.a(_exit.o)
 .bss           0x00800188        0x0 c:/abdelrhman/embedded/iti/imt_sdk_win_64/imt_sdk_win_64/winavr/bin/../lib/gcc/avr/4.3.3/avr5\libgcc.a(_copy_data.o)
 .bss           0x00800188        0x0 c:/abdelrhman/embedded/iti/imt_sdk_win_64/imt_sdk_win_64/winavr/bin/../lib/gcc/avr/4.3.3/avr5\libgcc.a(_clear_bss.o)
 .bss           0x00800188        0x0 c:/abdelrhman/embedded/iti/imt_sdk_win_64/imt_sdk_win_64/winavr/bin/../lib/gcc/avr/4.3.3/avr5\libgcc.a(_fixunssfsi.o)
 .bss           0x00800188        0x0 c:/abdelrhman/embedded/iti/imt_sdk_win_64/imt_sdk_win_64/winavr/bin/../lib/gcc/avr/4.3.3/avr5\libgcc.a(_addsub_sf.o)
 .bss           0x00800188        0x0 c:/abdelrhman/embedded/iti/imt_sdk_win_64/imt_sdk_win_64/winavr/bin/../lib/gcc/avr/4.3.3/avr5\libgcc.a(_mul_sf.o)
 .bss           0x00800188        0x0 c:/abdelrhman/embedded/iti/imt_sdk_win_64/imt_sdk_win_64/winavr/bin/../lib/gcc/avr/4.3.3/avr5\libgcc.a(_gt_sf.o)
 .bss           0x00800188        0x0 c:/abdelrhman/embedded/iti/imt_sdk_win_64/imt_sdk_win_64/winavr/bin/../lib/gcc/avr/4.3.3/avr5\libgcc.a(_ge_sf.o)
 .bss           0x00800188        0x0 c:/abdelrhman/embedded/iti/imt_sdk_win_64/imt_sdk_win_64/winavr/bin/../lib/gcc/avr/4.3.3/avr5\libgcc.a(_lt_sf.o)
 .bss           0x00800188        0x0 c:/abdelrhman/embedded/iti/imt_sdk_win_64/imt_sdk_win_64/winavr/bin/../lib/gcc/avr/4.3.3/avr5\libgcc.a(_sf_to_si.o)
 .bss           0x00800188        0x0 c:/abdelrhman/embedded/iti/imt_sdk_win_64/imt_sdk_win_64/winavr/bin/../lib/gcc/avr/4.3.3/avr5\libgcc.a(_thenan_sf.o)
 .bss           0x00800188        0x0 c:/abdelrhman/embedded/iti/imt_sdk_win_64/imt_sdk_win_64/winavr/bin/../lib/gcc/avr/4.3.3/avr5\libgcc.a(_prologue.o)
 .bss           0x00800188        0x0 c:/abdelrhman/embedded/iti/imt_sdk_win_64/imt_sdk_win_64/winavr/bin/../lib/gcc/avr/4.3.3/avr5\libgcc.a(_epilogue.o)
 .bss           0x00800188        0x0 c:/abdelrhman/embedded/iti/imt_sdk_win_64/imt_sdk_win_64/winavr/bin/../lib/gcc/avr/4.3.3/avr5\libgcc.a(_pack_sf.o)
 .bss           0x00800188        0x0 c:/abdelrhman/embedded/iti/imt_sdk_win_64/imt_sdk_win_64/winavr/bin/../lib/gcc/avr/4.3.3/avr5\libgcc.a(_unpack_sf.o)
 .bss           0x00800188        0x0 c:/abdelrhman/embedded/iti/imt_sdk_win_64/imt_sdk_win_64/winavr/bin/../lib/gcc/avr/4.3.3/avr5\libgcc.a(_fpcmp_parts_sf.o)
 *(.bss*)
 .bss.ptr       0x00800188        0x2 ./MCAL/UART/UART_Program.o
                0x00800188                ptr
 .bss.TIMER_pvTimer0NotificationFunction
                0x0080018a        0x2 ./MCAL/TIMER/TIMER_program.o
                0x0080018a                TIMER_pvTimer0NotificationFunction
 .bss.TIMER_pvICUNotificationFunction
                0x0080018c        0x2 ./MCAL/TIMER/TIMER_program.o
                0x0080018c                TIMER_pvICUNotificationFunction
 .bss.GPF_1     0x0080018e        0x2 ./MCAL/EXTI/EXTI_Program.o
                0x0080018e                GPF_1
 .bss.GPF_2     0x00800190        0x2 ./MCAL/EXTI/EXTI_Program.o
                0x00800190                GPF_2
 .bss.GPF_3     0x00800192        0x2 ./MCAL/EXTI/EXTI_Program.o
                0x00800192                GPF_3
 .bss.GPu16Copy
                0x00800194        0x2 ./MCAL/ADC/ADC_Program.o
 .bss.GPF       0x00800196        0x2 ./MCAL/ADC/ADC_Program.o
 .bss.stats     0x00800198        0x1 ./APP/main.o
                0x00800198                stats
 *(COMMON)
 COMMON         0x00800199        0x1 ./APP/main.o
                0x00800199                Local_u8Flag
                0x0080019a                PROVIDE (__bss_end, .)
                0x00004a68                __data_load_start = LOADADDR (.data)
                0x00004b90                __data_load_end = (__data_load_start + SIZEOF (.data))

.noinit         0x0080019a        0x0
                0x0080019a                PROVIDE (__noinit_start, .)
 *(.noinit*)
                0x0080019a                PROVIDE (__noinit_end, .)
                0x0080019a                _end = .
                0x0080019a                PROVIDE (__heap_start, .)

.eeprom         0x00810000        0x0
 *(.eeprom*)
                0x00810000                __eeprom_end = .

.fuse
 *(.fuse)
 *(.lfuse)
 *(.hfuse)
 *(.efuse)

.lock
 *(.lock*)

.signature
 *(.signature*)

.stab           0x00000000     0x4ddc
 *(.stab)
 .stab          0x00000000      0x21c ./MCAL/WDT/WDT_program.o
 .stab          0x0000021c      0x3e4 ./MCAL/UART/UART_Program.o
                                0x3f0 (size before relaxing)
 .stab          0x00000600      0x744 ./MCAL/TWI/TWI_program.o
                                0x750 (size before relaxing)
 .stab          0x00000d44      0x528 ./MCAL/TIMER/TIMER_program.o
                                0x534 (size before relaxing)
 .stab          0x0000126c      0x294 ./MCAL/SPI/SPI_program.o
                                0x2a0 (size before relaxing)
 .stab          0x00001500      0x1b0 ./MCAL/GIE/GIE_program.o
                                0x1bc (size before relaxing)
 .stab          0x000016b0      0x504 ./MCAL/EXTI/EXTI_Program.o
                                0x510 (size before relaxing)
 .stab          0x00001bb4      0x540 ./MCAL/DIO/DIO_program.o
                                0x54c (size before relaxing)
 .stab          0x000020f4      0x558 ./MCAL/ADC/ADC_Program.o
                                0x564 (size before relaxing)
 .stab          0x0000264c      0x834 ./HAL/LCD/LCD_program.o
                                0x9cc (size before relaxing)
 .stab          0x00002e80      0x3d8 ./HAL/KEYPAD/KEYPAD_Program.o
                                0x570 (size before relaxing)
 .stab          0x00003258      0x570 ./HAL/EEPROM/EEPROM_program.o
                                0x708 (size before relaxing)
 .stab          0x000037c8     0x1614 ./APP/main.o
                               0x17ac (size before relaxing)

.stabstr        0x00000000     0x1d49
 *(.stabstr)
 .stabstr       0x00000000     0x1d49 ./MCAL/WDT/WDT_program.o

.stab.excl
 *(.stab.excl)

.stab.exclstr
 *(.stab.exclstr)

.stab.index
 *(.stab.index)

.stab.indexstr
 *(.stab.indexstr)

.comment
 *(.comment)

.debug
 *(.debug)

.line
 *(.line)

.debug_srcinfo
 *(.debug_srcinfo)

.debug_sfnames
 *(.debug_sfnames)

.debug_aranges  0x00000000      0x140
 *(.debug_aranges)
 .debug_aranges
                0x00000000       0x20 c:/abdelrhman/embedded/iti/imt_sdk_win_64/imt_sdk_win_64/winavr/bin/../lib/gcc/avr/4.3.3/avr5\libgcc.a(_fixunssfsi.o)
 .debug_aranges
                0x00000020       0x20 c:/abdelrhman/embedded/iti/imt_sdk_win_64/imt_sdk_win_64/winavr/bin/../lib/gcc/avr/4.3.3/avr5\libgcc.a(_addsub_sf.o)
 .debug_aranges
                0x00000040       0x20 c:/abdelrhman/embedded/iti/imt_sdk_win_64/imt_sdk_win_64/winavr/bin/../lib/gcc/avr/4.3.3/avr5\libgcc.a(_mul_sf.o)
 .debug_aranges
                0x00000060       0x20 c:/abdelrhman/embedded/iti/imt_sdk_win_64/imt_sdk_win_64/winavr/bin/../lib/gcc/avr/4.3.3/avr5\libgcc.a(_gt_sf.o)
 .debug_aranges
                0x00000080       0x20 c:/abdelrhman/embedded/iti/imt_sdk_win_64/imt_sdk_win_64/winavr/bin/../lib/gcc/avr/4.3.3/avr5\libgcc.a(_ge_sf.o)
 .debug_aranges
                0x000000a0       0x20 c:/abdelrhman/embedded/iti/imt_sdk_win_64/imt_sdk_win_64/winavr/bin/../lib/gcc/avr/4.3.3/avr5\libgcc.a(_lt_sf.o)
 .debug_aranges
                0x000000c0       0x20 c:/abdelrhman/embedded/iti/imt_sdk_win_64/imt_sdk_win_64/winavr/bin/../lib/gcc/avr/4.3.3/avr5\libgcc.a(_sf_to_si.o)
 .debug_aranges
                0x000000e0       0x20 c:/abdelrhman/embedded/iti/imt_sdk_win_64/imt_sdk_win_64/winavr/bin/../lib/gcc/avr/4.3.3/avr5\libgcc.a(_pack_sf.o)
 .debug_aranges
                0x00000100       0x20 c:/abdelrhman/embedded/iti/imt_sdk_win_64/imt_sdk_win_64/winavr/bin/../lib/gcc/avr/4.3.3/avr5\libgcc.a(_unpack_sf.o)
 .debug_aranges
                0x00000120       0x20 c:/abdelrhman/embedded/iti/imt_sdk_win_64/imt_sdk_win_64/winavr/bin/../lib/gcc/avr/4.3.3/avr5\libgcc.a(_fpcmp_parts_sf.o)

.debug_pubnames
                0x00000000      0x170
 *(.debug_pubnames)
 .debug_pubnames
                0x00000000       0x23 c:/abdelrhman/embedded/iti/imt_sdk_win_64/imt_sdk_win_64/winavr/bin/../lib/gcc/avr/4.3.3/avr5\libgcc.a(_fixunssfsi.o)
 .debug_pubnames
                0x00000023       0x2c c:/abdelrhman/embedded/iti/imt_sdk_win_64/imt_sdk_win_64/winavr/bin/../lib/gcc/avr/4.3.3/avr5\libgcc.a(_addsub_sf.o)
 .debug_pubnames
                0x0000004f       0x1f c:/abdelrhman/embedded/iti/imt_sdk_win_64/imt_sdk_win_64/winavr/bin/../lib/gcc/avr/4.3.3/avr5\libgcc.a(_mul_sf.o)
 .debug_pubnames
                0x0000006e       0x1e c:/abdelrhman/embedded/iti/imt_sdk_win_64/imt_sdk_win_64/winavr/bin/../lib/gcc/avr/4.3.3/avr5\libgcc.a(_gt_sf.o)
 .debug_pubnames
                0x0000008c       0x1e c:/abdelrhman/embedded/iti/imt_sdk_win_64/imt_sdk_win_64/winavr/bin/../lib/gcc/avr/4.3.3/avr5\libgcc.a(_ge_sf.o)
 .debug_pubnames
                0x000000aa       0x1e c:/abdelrhman/embedded/iti/imt_sdk_win_64/imt_sdk_win_64/winavr/bin/../lib/gcc/avr/4.3.3/avr5\libgcc.a(_lt_sf.o)
 .debug_pubnames
                0x000000c8       0x20 c:/abdelrhman/embedded/iti/imt_sdk_win_64/imt_sdk_win_64/winavr/bin/../lib/gcc/avr/4.3.3/avr5\libgcc.a(_sf_to_si.o)
 .debug_pubnames
                0x000000e8       0x22 c:/abdelrhman/embedded/iti/imt_sdk_win_64/imt_sdk_win_64/winavr/bin/../lib/gcc/avr/4.3.3/avr5\libgcc.a(_thenan_sf.o)
 .debug_pubnames
                0x0000010a       0x1f c:/abdelrhman/embedded/iti/imt_sdk_win_64/imt_sdk_win_64/winavr/bin/../lib/gcc/avr/4.3.3/avr5\libgcc.a(_pack_sf.o)
 .debug_pubnames
                0x00000129       0x21 c:/abdelrhman/embedded/iti/imt_sdk_win_64/imt_sdk_win_64/winavr/bin/../lib/gcc/avr/4.3.3/avr5\libgcc.a(_unpack_sf.o)
 .debug_pubnames
                0x0000014a       0x26 c:/abdelrhman/embedded/iti/imt_sdk_win_64/imt_sdk_win_64/winavr/bin/../lib/gcc/avr/4.3.3/avr5\libgcc.a(_fpcmp_parts_sf.o)

.debug_info     0x00000000     0x1c49
 *(.debug_info)
 .debug_info    0x00000000       0xb1 c:/abdelrhman/embedded/iti/imt_sdk_win_64/imt_sdk_win_64/winavr/bin/../lib/gcc/avr/4.3.3/avr5\libgcc.a(_fixunssfsi.o)
 .debug_info    0x000000b1      0x47a c:/abdelrhman/embedded/iti/imt_sdk_win_64/imt_sdk_win_64/winavr/bin/../lib/gcc/avr/4.3.3/avr5\libgcc.a(_addsub_sf.o)
 .debug_info    0x0000052b      0x485 c:/abdelrhman/embedded/iti/imt_sdk_win_64/imt_sdk_win_64/winavr/bin/../lib/gcc/avr/4.3.3/avr5\libgcc.a(_mul_sf.o)
 .debug_info    0x000009b0      0x27f c:/abdelrhman/embedded/iti/imt_sdk_win_64/imt_sdk_win_64/winavr/bin/../lib/gcc/avr/4.3.3/avr5\libgcc.a(_gt_sf.o)
 .debug_info    0x00000c2f      0x27f c:/abdelrhman/embedded/iti/imt_sdk_win_64/imt_sdk_win_64/winavr/bin/../lib/gcc/avr/4.3.3/avr5\libgcc.a(_ge_sf.o)
 .debug_info    0x00000eae      0x27f c:/abdelrhman/embedded/iti/imt_sdk_win_64/imt_sdk_win_64/winavr/bin/../lib/gcc/avr/4.3.3/avr5\libgcc.a(_lt_sf.o)
 .debug_info    0x0000112d      0x2b0 c:/abdelrhman/embedded/iti/imt_sdk_win_64/imt_sdk_win_64/winavr/bin/../lib/gcc/avr/4.3.3/avr5\libgcc.a(_sf_to_si.o)
 .debug_info    0x000013dd      0x12c c:/abdelrhman/embedded/iti/imt_sdk_win_64/imt_sdk_win_64/winavr/bin/../lib/gcc/avr/4.3.3/avr5\libgcc.a(_thenan_sf.o)
 .debug_info    0x00001509      0x2df c:/abdelrhman/embedded/iti/imt_sdk_win_64/imt_sdk_win_64/winavr/bin/../lib/gcc/avr/4.3.3/avr5\libgcc.a(_pack_sf.o)
 .debug_info    0x000017e8      0x251 c:/abdelrhman/embedded/iti/imt_sdk_win_64/imt_sdk_win_64/winavr/bin/../lib/gcc/avr/4.3.3/avr5\libgcc.a(_unpack_sf.o)
 .debug_info    0x00001a39      0x210 c:/abdelrhman/embedded/iti/imt_sdk_win_64/imt_sdk_win_64/winavr/bin/../lib/gcc/avr/4.3.3/avr5\libgcc.a(_fpcmp_parts_sf.o)
 *(.gnu.linkonce.wi.*)

.debug_abbrev   0x00000000      0xeeb
 *(.debug_abbrev)
 .debug_abbrev  0x00000000       0x5d c:/abdelrhman/embedded/iti/imt_sdk_win_64/imt_sdk_win_64/winavr/bin/../lib/gcc/avr/4.3.3/avr5\libgcc.a(_fixunssfsi.o)
 .debug_abbrev  0x0000005d      0x1ea c:/abdelrhman/embedded/iti/imt_sdk_win_64/imt_sdk_win_64/winavr/bin/../lib/gcc/avr/4.3.3/avr5\libgcc.a(_addsub_sf.o)
 .debug_abbrev  0x00000247      0x21b c:/abdelrhman/embedded/iti/imt_sdk_win_64/imt_sdk_win_64/winavr/bin/../lib/gcc/avr/4.3.3/avr5\libgcc.a(_mul_sf.o)
 .debug_abbrev  0x00000462      0x15a c:/abdelrhman/embedded/iti/imt_sdk_win_64/imt_sdk_win_64/winavr/bin/../lib/gcc/avr/4.3.3/avr5\libgcc.a(_gt_sf.o)
 .debug_abbrev  0x000005bc      0x15a c:/abdelrhman/embedded/iti/imt_sdk_win_64/imt_sdk_win_64/winavr/bin/../lib/gcc/avr/4.3.3/avr5\libgcc.a(_ge_sf.o)
 .debug_abbrev  0x00000716      0x15a c:/abdelrhman/embedded/iti/imt_sdk_win_64/imt_sdk_win_64/winavr/bin/../lib/gcc/avr/4.3.3/avr5\libgcc.a(_lt_sf.o)
 .debug_abbrev  0x00000870      0x17f c:/abdelrhman/embedded/iti/imt_sdk_win_64/imt_sdk_win_64/winavr/bin/../lib/gcc/avr/4.3.3/avr5\libgcc.a(_sf_to_si.o)
 .debug_abbrev  0x000009ef       0xad c:/abdelrhman/embedded/iti/imt_sdk_win_64/imt_sdk_win_64/winavr/bin/../lib/gcc/avr/4.3.3/avr5\libgcc.a(_thenan_sf.o)
 .debug_abbrev  0x00000a9c      0x1c0 c:/abdelrhman/embedded/iti/imt_sdk_win_64/imt_sdk_win_64/winavr/bin/../lib/gcc/avr/4.3.3/avr5\libgcc.a(_pack_sf.o)
 .debug_abbrev  0x00000c5c      0x154 c:/abdelrhman/embedded/iti/imt_sdk_win_64/imt_sdk_win_64/winavr/bin/../lib/gcc/avr/4.3.3/avr5\libgcc.a(_unpack_sf.o)
 .debug_abbrev  0x00000db0      0x13b c:/abdelrhman/embedded/iti/imt_sdk_win_64/imt_sdk_win_64/winavr/bin/../lib/gcc/avr/4.3.3/avr5\libgcc.a(_fpcmp_parts_sf.o)

.debug_line     0x00000000      0xdad
 *(.debug_line)
 .debug_line    0x00000000       0xa7 c:/abdelrhman/embedded/iti/imt_sdk_win_64/imt_sdk_win_64/winavr/bin/../lib/gcc/avr/4.3.3/avr5\libgcc.a(_fixunssfsi.o)
 .debug_line    0x000000a7      0x2af c:/abdelrhman/embedded/iti/imt_sdk_win_64/imt_sdk_win_64/winavr/bin/../lib/gcc/avr/4.3.3/avr5\libgcc.a(_addsub_sf.o)
 .debug_line    0x00000356      0x239 c:/abdelrhman/embedded/iti/imt_sdk_win_64/imt_sdk_win_64/winavr/bin/../lib/gcc/avr/4.3.3/avr5\libgcc.a(_mul_sf.o)
 .debug_line    0x0000058f       0xd3 c:/abdelrhman/embedded/iti/imt_sdk_win_64/imt_sdk_win_64/winavr/bin/../lib/gcc/avr/4.3.3/avr5\libgcc.a(_gt_sf.o)
 .debug_line    0x00000662       0xd3 c:/abdelrhman/embedded/iti/imt_sdk_win_64/imt_sdk_win_64/winavr/bin/../lib/gcc/avr/4.3.3/avr5\libgcc.a(_ge_sf.o)
 .debug_line    0x00000735       0xd3 c:/abdelrhman/embedded/iti/imt_sdk_win_64/imt_sdk_win_64/winavr/bin/../lib/gcc/avr/4.3.3/avr5\libgcc.a(_lt_sf.o)
 .debug_line    0x00000808      0x109 c:/abdelrhman/embedded/iti/imt_sdk_win_64/imt_sdk_win_64/winavr/bin/../lib/gcc/avr/4.3.3/avr5\libgcc.a(_sf_to_si.o)
 .debug_line    0x00000911       0x90 c:/abdelrhman/embedded/iti/imt_sdk_win_64/imt_sdk_win_64/winavr/bin/../lib/gcc/avr/4.3.3/avr5\libgcc.a(_thenan_sf.o)
 .debug_line    0x000009a1      0x18a c:/abdelrhman/embedded/iti/imt_sdk_win_64/imt_sdk_win_64/winavr/bin/../lib/gcc/avr/4.3.3/avr5\libgcc.a(_pack_sf.o)
 .debug_line    0x00000b2b      0x14b c:/abdelrhman/embedded/iti/imt_sdk_win_64/imt_sdk_win_64/winavr/bin/../lib/gcc/avr/4.3.3/avr5\libgcc.a(_unpack_sf.o)
 .debug_line    0x00000c76      0x137 c:/abdelrhman/embedded/iti/imt_sdk_win_64/imt_sdk_win_64/winavr/bin/../lib/gcc/avr/4.3.3/avr5\libgcc.a(_fpcmp_parts_sf.o)

.debug_frame    0x00000000      0x160
 *(.debug_frame)
 .debug_frame   0x00000000       0x20 c:/abdelrhman/embedded/iti/imt_sdk_win_64/imt_sdk_win_64/winavr/bin/../lib/gcc/avr/4.3.3/avr5\libgcc.a(_fixunssfsi.o)
 .debug_frame   0x00000020       0x40 c:/abdelrhman/embedded/iti/imt_sdk_win_64/imt_sdk_win_64/winavr/bin/../lib/gcc/avr/4.3.3/avr5\libgcc.a(_addsub_sf.o)
 .debug_frame   0x00000060       0x20 c:/abdelrhman/embedded/iti/imt_sdk_win_64/imt_sdk_win_64/winavr/bin/../lib/gcc/avr/4.3.3/avr5\libgcc.a(_mul_sf.o)
 .debug_frame   0x00000080       0x20 c:/abdelrhman/embedded/iti/imt_sdk_win_64/imt_sdk_win_64/winavr/bin/../lib/gcc/avr/4.3.3/avr5\libgcc.a(_gt_sf.o)
 .debug_frame   0x000000a0       0x20 c:/abdelrhman/embedded/iti/imt_sdk_win_64/imt_sdk_win_64/winavr/bin/../lib/gcc/avr/4.3.3/avr5\libgcc.a(_ge_sf.o)
 .debug_frame   0x000000c0       0x20 c:/abdelrhman/embedded/iti/imt_sdk_win_64/imt_sdk_win_64/winavr/bin/../lib/gcc/avr/4.3.3/avr5\libgcc.a(_lt_sf.o)
 .debug_frame   0x000000e0       0x20 c:/abdelrhman/embedded/iti/imt_sdk_win_64/imt_sdk_win_64/winavr/bin/../lib/gcc/avr/4.3.3/avr5\libgcc.a(_sf_to_si.o)
 .debug_frame   0x00000100       0x20 c:/abdelrhman/embedded/iti/imt_sdk_win_64/imt_sdk_win_64/winavr/bin/../lib/gcc/avr/4.3.3/avr5\libgcc.a(_pack_sf.o)
 .debug_frame   0x00000120       0x20 c:/abdelrhman/embedded/iti/imt_sdk_win_64/imt_sdk_win_64/winavr/bin/../lib/gcc/avr/4.3.3/avr5\libgcc.a(_unpack_sf.o)
 .debug_frame   0x00000140       0x20 c:/abdelrhman/embedded/iti/imt_sdk_win_64/imt_sdk_win_64/winavr/bin/../lib/gcc/avr/4.3.3/avr5\libgcc.a(_fpcmp_parts_sf.o)

.debug_str      0x00000000      0x28d
 *(.debug_str)
 .debug_str     0x00000000       0xbf c:/abdelrhman/embedded/iti/imt_sdk_win_64/imt_sdk_win_64/winavr/bin/../lib/gcc/avr/4.3.3/avr5\libgcc.a(_fixunssfsi.o)
                                 0xfe (size before relaxing)
 .debug_str     0x000000bf      0x14d c:/abdelrhman/embedded/iti/imt_sdk_win_64/imt_sdk_win_64/winavr/bin/../lib/gcc/avr/4.3.3/avr5\libgcc.a(_addsub_sf.o)
                                0x206 (size before relaxing)
 .debug_str     0x0000020c       0x27 c:/abdelrhman/embedded/iti/imt_sdk_win_64/imt_sdk_win_64/winavr/bin/../lib/gcc/avr/4.3.3/avr5\libgcc.a(_mul_sf.o)
                                0x1bf (size before relaxing)
 .debug_str     0x00000233        0xf c:/abdelrhman/embedded/iti/imt_sdk_win_64/imt_sdk_win_64/winavr/bin/../lib/gcc/avr/4.3.3/avr5\libgcc.a(_gt_sf.o)
                                0x195 (size before relaxing)
 .debug_str     0x00000242        0x8 c:/abdelrhman/embedded/iti/imt_sdk_win_64/imt_sdk_win_64/winavr/bin/../lib/gcc/avr/4.3.3/avr5\libgcc.a(_ge_sf.o)
                                0x195 (size before relaxing)
 .debug_str     0x0000024a        0x8 c:/abdelrhman/embedded/iti/imt_sdk_win_64/imt_sdk_win_64/winavr/bin/../lib/gcc/avr/4.3.3/avr5\libgcc.a(_lt_sf.o)
                                0x195 (size before relaxing)
 .debug_str     0x00000252        0xa c:/abdelrhman/embedded/iti/imt_sdk_win_64/imt_sdk_win_64/winavr/bin/../lib/gcc/avr/4.3.3/avr5\libgcc.a(_sf_to_si.o)
                                0x19e (size before relaxing)
 .debug_str     0x00000000      0x103 c:/abdelrhman/embedded/iti/imt_sdk_win_64/imt_sdk_win_64/winavr/bin/../lib/gcc/avr/4.3.3/avr5\libgcc.a(_thenan_sf.o)
 .debug_str     0x0000025c       0x16 c:/abdelrhman/embedded/iti/imt_sdk_win_64/imt_sdk_win_64/winavr/bin/../lib/gcc/avr/4.3.3/avr5\libgcc.a(_pack_sf.o)
                                0x19d (size before relaxing)
 .debug_str     0x00000272        0xb c:/abdelrhman/embedded/iti/imt_sdk_win_64/imt_sdk_win_64/winavr/bin/../lib/gcc/avr/4.3.3/avr5\libgcc.a(_unpack_sf.o)
                                0x17f (size before relaxing)
 .debug_str     0x0000027d       0x10 c:/abdelrhman/embedded/iti/imt_sdk_win_64/imt_sdk_win_64/winavr/bin/../lib/gcc/avr/4.3.3/avr5\libgcc.a(_fpcmp_parts_sf.o)
                                0x163 (size before relaxing)

.debug_loc      0x00000000      0x7ce
 *(.debug_loc)
 .debug_loc     0x00000000       0x34 c:/abdelrhman/embedded/iti/imt_sdk_win_64/imt_sdk_win_64/winavr/bin/../lib/gcc/avr/4.3.3/avr5\libgcc.a(_fixunssfsi.o)
 .debug_loc     0x00000034      0x32a c:/abdelrhman/embedded/iti/imt_sdk_win_64/imt_sdk_win_64/winavr/bin/../lib/gcc/avr/4.3.3/avr5\libgcc.a(_addsub_sf.o)
 .debug_loc     0x0000035e      0x104 c:/abdelrhman/embedded/iti/imt_sdk_win_64/imt_sdk_win_64/winavr/bin/../lib/gcc/avr/4.3.3/avr5\libgcc.a(_mul_sf.o)
 .debug_loc     0x00000462       0x3c c:/abdelrhman/embedded/iti/imt_sdk_win_64/imt_sdk_win_64/winavr/bin/../lib/gcc/avr/4.3.3/avr5\libgcc.a(_gt_sf.o)
 .debug_loc     0x0000049e       0x3c c:/abdelrhman/embedded/iti/imt_sdk_win_64/imt_sdk_win_64/winavr/bin/../lib/gcc/avr/4.3.3/avr5\libgcc.a(_ge_sf.o)
 .debug_loc     0x000004da       0x3c c:/abdelrhman/embedded/iti/imt_sdk_win_64/imt_sdk_win_64/winavr/bin/../lib/gcc/avr/4.3.3/avr5\libgcc.a(_lt_sf.o)
 .debug_loc     0x00000516       0x7e c:/abdelrhman/embedded/iti/imt_sdk_win_64/imt_sdk_win_64/winavr/bin/../lib/gcc/avr/4.3.3/avr5\libgcc.a(_sf_to_si.o)
 .debug_loc     0x00000594      0x13e c:/abdelrhman/embedded/iti/imt_sdk_win_64/imt_sdk_win_64/winavr/bin/../lib/gcc/avr/4.3.3/avr5\libgcc.a(_pack_sf.o)
 .debug_loc     0x000006d2       0xac c:/abdelrhman/embedded/iti/imt_sdk_win_64/imt_sdk_win_64/winavr/bin/../lib/gcc/avr/4.3.3/avr5\libgcc.a(_unpack_sf.o)
 .debug_loc     0x0000077e       0x50 c:/abdelrhman/embedded/iti/imt_sdk_win_64/imt_sdk_win_64/winavr/bin/../lib/gcc/avr/4.3.3/avr5\libgcc.a(_fpcmp_parts_sf.o)

.debug_macinfo
 *(.debug_macinfo)
OUTPUT(smart_Home_MASTER.elf elf32-avr)
LOAD linker stubs

.debug_ranges   0x00000000       0x50
 .debug_ranges  0x00000000       0x50 c:/abdelrhman/embedded/iti/imt_sdk_win_64/imt_sdk_win_64/winavr/bin/../lib/gcc/avr/4.3.3/avr5\libgcc.a(_mul_sf.o)
